Component: ARM Compiler 5.06 update 3 (build 300) Tool: armlink [4d35c9]

==============================================================================

Section Cross References

    startup_stm32f767xx.o(RESET) refers to startup_stm32f767xx.o(STACK) for __initial_sp
    startup_stm32f767xx.o(RESET) refers to startup_stm32f767xx.o(.text) for Reset_Handler
    startup_stm32f767xx.o(RESET) refers to stm32f7xx_it.o(i.NMI_Handler) for NMI_Handler
    startup_stm32f767xx.o(RESET) refers to stm32f7xx_it.o(i.HardFault_Handler) for HardFault_Handler
    startup_stm32f767xx.o(RESET) refers to stm32f7xx_it.o(i.MemManage_Handler) for MemManage_Handler
    startup_stm32f767xx.o(RESET) refers to stm32f7xx_it.o(i.BusFault_Handler) for BusFault_Handler
    startup_stm32f767xx.o(RESET) refers to stm32f7xx_it.o(i.UsageFault_Handler) for UsageFault_Handler
    startup_stm32f767xx.o(RESET) refers to stm32f7xx_it.o(i.SVC_Handler) for SVC_Handler
    startup_stm32f767xx.o(RESET) refers to stm32f7xx_it.o(i.DebugMon_Handler) for DebugMon_Handler
    startup_stm32f767xx.o(RESET) refers to stm32f7xx_it.o(i.PendSV_Handler) for PendSV_Handler
    startup_stm32f767xx.o(RESET) refers to stm32f7xx_it.o(i.SysTick_Handler) for SysTick_Handler
    startup_stm32f767xx.o(RESET) refers to remote.o(i.TIM1_UP_TIM10_IRQHandler) for TIM1_UP_TIM10_IRQHandler
    startup_stm32f767xx.o(RESET) refers to remote.o(i.TIM1_CC_IRQHandler) for TIM1_CC_IRQHandler
    startup_stm32f767xx.o(.text) refers to system_stm32f7xx.o(i.SystemInit) for SystemInit
    startup_stm32f767xx.o(.text) refers to entry.o(.ARM.Collect$$$$00000000) for __main
    main.o(i.SystemClock_Config) refers to memseta.o(.text) for __aeabi_memclr4
    main.o(i.SystemClock_Config) refers to stm32f7xx_hal_rcc.o(i.HAL_RCC_OscConfig) for HAL_RCC_OscConfig
    main.o(i.SystemClock_Config) refers to stm32f7xx_hal_pwr_ex.o(i.HAL_PWREx_EnableOverDrive) for HAL_PWREx_EnableOverDrive
    main.o(i.SystemClock_Config) refers to stm32f7xx_hal_rcc.o(i.HAL_RCC_ClockConfig) for HAL_RCC_ClockConfig
    main.o(i.SystemClock_Config) refers to stm32f7xx_hal_rcc_ex.o(i.HAL_RCCEx_PeriphCLKConfig) for HAL_RCCEx_PeriphCLKConfig
    main.o(i.__io_putchar) refers to stm32f7xx_hal_uart.o(i.HAL_UART_Transmit) for HAL_UART_Transmit
    main.o(i.__io_putchar) refers to usart.o(.bss) for huart1
    main.o(i.main) refers to sys.o(i.Cache_Enable) for Cache_Enable
    main.o(i.main) refers to sys.o(i.Stm32_Clock_Init) for Stm32_Clock_Init
    main.o(i.main) refers to delay.o(i.delay_init) for delay_init
    main.o(i.main) refers to stm32f7xx_hal.o(i.HAL_Init) for HAL_Init
    main.o(i.main) refers to gpio.o(i.MX_GPIO_Init) for MX_GPIO_Init
    main.o(i.main) refers to usart.o(i.MX_USART1_UART_Init) for MX_USART1_UART_Init
    main.o(i.main) refers to usart.o(i.MX_USART2_UART_Init) for MX_USART2_UART_Init
    main.o(i.main) refers to stm32f7xx_hal_uart.o(i.HAL_UART_Receive_IT) for HAL_UART_Receive_IT
    main.o(i.main) refers to memcpya.o(.text) for __aeabi_memcpy
    main.o(i.main) refers to atof.o(i.__hardfp_atof) for __hardfp_atof
    main.o(i.main) refers to usart.o(i.Motor_Rotate) for Motor_Rotate
    main.o(i.main) refers to stm32f7xx_hal_gpio.o(i.HAL_GPIO_TogglePin) for HAL_GPIO_TogglePin
    main.o(i.main) refers to stm32f7xx_hal.o(i.HAL_Delay) for HAL_Delay
    main.o(i.main) refers to main.o(.bss) for .bss
    main.o(i.main) refers to usart.o(.bss) for huart2
    main.o(i.main) refers to main.o(.data) for .data
    gpio.o(i.MX_GPIO_Init) refers to memseta.o(.text) for __aeabi_memclr4
    gpio.o(i.MX_GPIO_Init) refers to stm32f7xx_hal_gpio.o(i.HAL_GPIO_WritePin) for HAL_GPIO_WritePin
    gpio.o(i.MX_GPIO_Init) refers to stm32f7xx_hal_gpio.o(i.HAL_GPIO_Init) for HAL_GPIO_Init
    usart.o(i.HAL_UART_MspDeInit) refers to stm32f7xx_hal_gpio.o(i.HAL_GPIO_DeInit) for HAL_GPIO_DeInit
    usart.o(i.HAL_UART_MspInit) refers to memseta.o(.text) for __aeabi_memclr4
    usart.o(i.HAL_UART_MspInit) refers to stm32f7xx_hal_gpio.o(i.HAL_GPIO_Init) for HAL_GPIO_Init
    usart.o(i.MX_USART1_UART_Init) refers to stm32f7xx_hal_uart.o(i.HAL_UART_Init) for HAL_UART_Init
    usart.o(i.MX_USART1_UART_Init) refers to main.o(i.Error_Handler) for Error_Handler
    usart.o(i.MX_USART1_UART_Init) refers to usart.o(.bss) for .bss
    usart.o(i.MX_USART2_UART_Init) refers to stm32f7xx_hal_uart.o(i.HAL_UART_Init) for HAL_UART_Init
    usart.o(i.MX_USART2_UART_Init) refers to main.o(i.Error_Handler) for Error_Handler
    usart.o(i.MX_USART2_UART_Init) refers to usart.o(.bss) for .bss
    usart.o(i.Motor_Rotate) refers to memcpya.o(.text) for __aeabi_memcpy4
    usart.o(i.Motor_Rotate) refers to usart.o(i.myitoa) for myitoa
    usart.o(i.Motor_Rotate) refers to strlen.o(.text) for strlen
    usart.o(i.Motor_Rotate) refers to strcat.o(.text) for strcat
    usart.o(i.Motor_Rotate) refers to usart.o(i.UART2_Send) for UART2_Send
    usart.o(i.Motor_Rotate) refers to printf2.o(i.__0printf$2) for __2printf
[...]
    Removing stm32f7xx_hal.o(i.HAL_EnableMemorySwappingBank), (16 bytes).
    Removing stm32f7xx_hal.o(i.HAL_GetDEVID), (16 bytes).
    Removing stm32f7xx_hal.o(i.HAL_GetHalVersion), (8 bytes).
    Removing stm32f7xx_hal.o(i.HAL_GetREVID), (12 bytes).
    Removing stm32f7xx_hal.o(i.HAL_GetTickFreq), (12 bytes).
    Removing stm32f7xx_hal.o(i.HAL_GetTickPrio), (12 bytes).
    Removing stm32f7xx_hal.o(i.HAL_GetUIDw0), (12 bytes).
    Removing stm32f7xx_hal.o(i.HAL_GetUIDw1), (12 bytes).
    Removing stm32f7xx_hal.o(i.HAL_GetUIDw2), (12 bytes).
    Removing stm32f7xx_hal.o(i.HAL_MspDeInit), (2 bytes).
    Removing stm32f7xx_hal.o(i.HAL_MspInit), (2 bytes).
    Removing stm32f7xx_hal.o(i.HAL_ResumeTick), (14 bytes).
    Removing stm32f7xx_hal.o(i.HAL_SetTickFreq), (36 bytes).
    Removing stm32f7xx_hal.o(i.HAL_SuspendTick), (14 bytes).
    Removing stm32f7xx_hal_i2c.o(.rev16_text), (4 bytes).
    Removing stm32f7xx_hal_i2c.o(.revsh_text), (4 bytes).
    Removing stm32f7xx_hal_i2c.o(.rrx_text), (6 bytes).
    Removing stm32f7xx_hal_i2c.o(i.HAL_I2C_AbortCpltCallback), (2 bytes).
    Removing stm32f7xx_hal_i2c.o(i.HAL_I2C_AddrCallback), (2 bytes).
    Removing stm32f7xx_hal_i2c.o(i.HAL_I2C_DeInit), (52 bytes).
    Removing stm32f7xx_hal_i2c.o(i.HAL_I2C_DisableListen_IT), (56 bytes).
    Removing stm32f7xx_hal_i2c.o(i.HAL_I2C_ER_IRQHandler), (104 bytes).
    Removing stm32f7xx_hal_i2c.o(i.HAL_I2C_EV_IRQHandler), (16 bytes).
    Removing stm32f7xx_hal_i2c.o(i.HAL_I2C_EnableListen_IT), (40 bytes).
    Removing stm32f7xx_hal_i2c.o(i.HAL_I2C_ErrorCallback), (2 bytes).
    Removing stm32f7xx_hal_i2c.o(i.HAL_I2C_GetError), (4 bytes).
    Removing stm32f7xx_hal_i2c.o(i.HAL_I2C_GetMode), (6 bytes).
    Removing stm32f7xx_hal_i2c.o(i.HAL_I2C_GetState), (6 bytes).
    Removing stm32f7xx_hal_i2c.o(i.HAL_I2C_Init), (184 bytes).
    Removing stm32f7xx_hal_i2c.o(i.HAL_I2C_IsDeviceReady), (292 bytes).
    Removing stm32f7xx_hal_i2c.o(i.HAL_I2C_ListenCpltCallback), (2 bytes).
    Removing stm32f7xx_hal_i2c.o(i.HAL_I2C_MasterRxCpltCallback), (2 bytes).
    Removing stm32f7xx_hal_i2c.o(i.HAL_I2C_MasterTxCpltCallback), (2 bytes).
    Removing stm32f7xx_hal_i2c.o(i.HAL_I2C_Master_Abort_IT), (124 bytes).
    Removing stm32f7xx_hal_i2c.o(i.HAL_I2C_Master_Receive), (292 bytes).
    Removing stm32f7xx_hal_i2c.o(i.HAL_I2C_Master_Receive_DMA), (296 bytes).
    Removing stm32f7xx_hal_i2c.o(i.HAL_I2C_Master_Receive_IT), (136 bytes).
    Removing stm32f7xx_hal_i2c.o(i.HAL_I2C_Master_Seq_Receive_DMA), (328 bytes).
    Removing stm32f7xx_hal_i2c.o(i.HAL_I2C_Master_Seq_Receive_IT), (164 bytes).
    Removing stm32f7xx_hal_i2c.o(i.HAL_I2C_Master_Seq_Transmit_DMA), (328 bytes).
    Removing stm32f7xx_hal_i2c.o(i.HAL_I2C_Master_Seq_Transmit_IT), (160 bytes).
    Removing stm32f7xx_hal_i2c.o(i.HAL_I2C_Master_Transmit), (292 bytes).
    Removing stm32f7xx_hal_i2c.o(i.HAL_I2C_Master_Transmit_DMA), (296 bytes).
    Removing stm32f7xx_hal_i2c.o(i.HAL_I2C_Master_Transmit_IT), (136 bytes).
    Removing stm32f7xx_hal_i2c.o(i.HAL_I2C_MemRxCpltCallback), (2 bytes).
    Removing stm32f7xx_hal_i2c.o(i.HAL_I2C_MemTxCpltCallback), (2 bytes).
    Removing stm32f7xx_hal_i2c.o(i.HAL_I2C_Mem_Read), (356 bytes).
    Removing stm32f7xx_hal_i2c.o(i.HAL_I2C_Mem_Read_DMA), (300 bytes).
    Removing stm32f7xx_hal_i2c.o(i.HAL_I2C_Mem_Read_IT), (196 bytes).
    Removing stm32f7xx_hal_i2c.o(i.HAL_I2C_Mem_Write), (344 bytes).
    Removing stm32f7xx_hal_i2c.o(i.HAL_I2C_Mem_Write_DMA), (296 bytes).
    Removing stm32f7xx_hal_i2c.o(i.HAL_I2C_Mem_Write_IT), (192 bytes).
    Removing stm32f7xx_hal_i2c.o(i.HAL_I2C_MspDeInit), (2 bytes).
    Removing stm32f7xx_hal_i2c.o(i.HAL_I2C_MspInit), (2 bytes).
    Removing stm32f7xx_hal_i2c.o(i.HAL_I2C_SlaveRxCpltCallback), (2 bytes).
    Removing stm32f7xx_hal_i2c.o(i.HAL_I2C_SlaveTxCpltCallback), (2 bytes).
    Removing stm32f7xx_hal_i2c.o(i.HAL_I2C_Slave_Receive), (296 bytes).
    Removing stm32f7xx_hal_i2c.o(i.HAL_I2C_Slave_Receive_DMA), (220 bytes).
    Removing stm32f7xx_hal_i2c.o(i.HAL_I2C_Slave_Receive_IT), (96 bytes).
    Removing stm32f7xx_hal_i2c.o(i.HAL_I2C_Slave_Seq_Receive_DMA), (360 bytes).
    Removing stm32f7xx_hal_i2c.o(i.HAL_I2C_Slave_Seq_Receive_IT), (200 bytes).
    Removing stm32f7xx_hal_i2c.o(i.HAL_I2C_Slave_Seq_Transmit_DMA), (360 bytes).
    Removing stm32f7xx_hal_i2c.o(i.HAL_I2C_Slave_Seq_Transmit_IT), (200 bytes).
    Removing stm32f7xx_hal_i2c.o(i.HAL_I2C_Slave_Transmit), (304 bytes).
    Removing stm32f7xx_hal_i2c.o(i.HAL_I2C_Slave_Transmit_DMA), (208 bytes).
    Removing stm32f7xx_hal_i2c.o(i.HAL_I2C_Slave_Transmit_IT), (96 bytes).
    Removing stm32f7xx_hal_i2c.o(i.I2C_ConvertOtherXferOptions), (26 bytes).
    Removing stm32f7xx_hal_i2c.o(i.I2C_DMAAbort), (20 bytes).
    Removing stm32f7xx_hal_i2c.o(i.I2C_DMAError), (70 bytes).
    Removing stm32f7xx_hal_i2c.o(i.I2C_DMAMasterReceiveCplt), (82 bytes).
    Removing stm32f7xx_hal_i2c.o(i.I2C_DMAMasterTransmitCplt), (82 bytes).
    Removing stm32f7xx_hal_i2c.o(i.I2C_DMASlaveReceiveCplt), (36 bytes).
    Removing stm32f7xx_hal_i2c.o(i.I2C_DMASlaveTransmitCplt), (30 bytes).
    Removing stm32f7xx_hal_i2c.o(i.I2C_Disable_IRQ), (96 bytes).
    Removing stm32f7xx_hal_i2c.o(i.I2C_Enable_IRQ), (104 bytes).
    Removing stm32f7xx_hal_i2c.o(i.I2C_Flush_TXDR), (34 bytes).
    Removing stm32f7xx_hal_i2c.o(i.I2C_ITAddrCplt), (140 bytes).
    Removing stm32f7xx_hal_i2c.o(i.I2C_ITError), (244 bytes).
    Removing stm32f7xx_hal_i2c.o(i.I2C_ITListenCplt), (100 bytes).
    Removing stm32f7xx_hal_i2c.o(i.I2C_ITMasterCplt), (240 bytes).
    Removing stm32f7xx_hal_i2c.o(i.I2C_ITMasterSeqCplt), (76 bytes).
    Removing stm32f7xx_hal_i2c.o(i.I2C_ITSlaveCplt), (304 bytes).
    Removing stm32f7xx_hal_i2c.o(i.I2C_ITSlaveSeqCplt), (114 bytes).
    Removing stm32f7xx_hal_i2c.o(i.I2C_IsAcknowledgeFailed), (124 bytes).
    Removing stm32f7xx_hal_i2c.o(i.I2C_Master_ISR_DMA), (272 bytes).
    Removing stm32f7xx_hal_i2c.o(i.I2C_Master_ISR_IT), (296 bytes).
    Removing stm32f7xx_hal_i2c.o(i.I2C_RequestMemoryRead), (100 bytes).
    Removing stm32f7xx_hal_i2c.o(i.I2C_RequestMemoryWrite), (100 bytes).
    Removing stm32f7xx_hal_i2c.o(i.I2C_Slave_ISR_DMA), (266 bytes).
    Removing stm32f7xx_hal_i2c.o(i.I2C_Slave_ISR_IT), (288 bytes).
    Removing stm32f7xx_hal_i2c.o(i.I2C_TransferConfig), (44 bytes).
    Removing stm32f7xx_hal_i2c.o(i.I2C_TreatErrorCallback), (42 bytes).
    Removing stm32f7xx_hal_i2c.o(i.I2C_WaitOnFlagUntilTimeout), (90 bytes).
    Removing stm32f7xx_hal_i2c.o(i.I2C_WaitOnRXNEFlagUntilTimeout), (136 bytes).
    Removing stm32f7xx_hal_i2c.o(i.I2C_WaitOnSTOPFlagUntilTimeout), (78 bytes).
    Removing stm32f7xx_hal_i2c.o(i.I2C_WaitOnTXISFlagUntilTimeout), (82 bytes).
    Removing stm32f7xx_hal_i2c_ex.o(.rev16_text), (4 bytes).
    Removing stm32f7xx_hal_i2c_ex.o(.revsh_text), (4 bytes).
    Removing stm32f7xx_hal_i2c_ex.o(.rrx_text), (6 bytes).
    Removing stm32f7xx_hal_i2c_ex.o(i.HAL_I2CEx_ConfigAnalogFilter), (86 bytes).
    Removing stm32f7xx_hal_i2c_ex.o(i.HAL_I2CEx_ConfigDigitalFilter), (82 bytes).
    Removing stm32f7xx_hal_i2c_ex.o(i.HAL_I2CEx_DisableFastModePlus), (40 bytes).
    Removing stm32f7xx_hal_i2c_ex.o(i.HAL_I2CEx_EnableFastModePlus), (40 bytes).
    Removing stm32f7xx_hal_exti.o(.rev16_text), (4 bytes).
    Removing stm32f7xx_hal_exti.o(.revsh_text), (4 bytes).
    Removing stm32f7xx_hal_exti.o(.rrx_text), (6 bytes).
    Removing stm32f7xx_hal_exti.o(i.HAL_EXTI_ClearConfigLine), (108 bytes).
    Removing stm32f7xx_hal_exti.o(i.HAL_EXTI_ClearPending), (20 bytes).
    Removing stm32f7xx_hal_exti.o(i.HAL_EXTI_GenerateSWI), (20 bytes).
    Removing stm32f7xx_hal_exti.o(i.HAL_EXTI_GetConfigLine), (156 bytes).
    Removing stm32f7xx_hal_exti.o(i.HAL_EXTI_GetHandle), (12 bytes).
    Removing stm32f7xx_hal_exti.o(i.HAL_EXTI_GetPending), (24 bytes).
    Removing stm32f7xx_hal_exti.o(i.HAL_EXTI_IRQHandler), (36 bytes).
    Removing stm32f7xx_hal_exti.o(i.HAL_EXTI_RegisterCallback), (14 bytes).
    Removing stm32f7xx_hal_exti.o(i.HAL_EXTI_SetConfigLine), (168 bytes).
    Removing stm32f7xx_hal_tim.o(.rev16_text), (4 bytes).
    Removing stm32f7xx_hal_tim.o(.revsh_text), (4 bytes).
    Removing stm32f7xx_hal_tim.o(.rrx_text), (6 bytes).
    Removing stm32f7xx_hal_tim.o(i.HAL_TIM_Base_DeInit), (56 bytes).
    Removing stm32f7xx_hal_tim.o(i.HAL_TIM_Base_GetState), (6 bytes).
    Removing stm32f7xx_hal_tim.o(i.HAL_TIM_Base_Init), (48 bytes).
    Removing stm32f7xx_hal_tim.o(i.HAL_TIM_Base_MspDeInit), (2 bytes).
    Removing stm32f7xx_hal_tim.o(i.HAL_TIM_Base_MspInit), (2 bytes).
    Removing stm32f7xx_hal_tim.o(i.HAL_TIM_Base_Start), (26 bytes).
    Removing stm32f7xx_hal_tim.o(i.HAL_TIM_Base_Start_DMA), (92 bytes).
    Removing stm32f7xx_hal_tim.o(i.HAL_TIM_Base_Start_IT), (24 bytes).
    Removing stm32f7xx_hal_tim.o(i.HAL_TIM_Base_Stop), (44 bytes).
    Removing stm32f7xx_hal_tim.o(i.HAL_TIM_Base_Stop_DMA), (48 bytes).
    Removing stm32f7xx_hal_tim.o(i.HAL_TIM_Base_Stop_IT), (42 bytes).
    Removing stm32f7xx_hal_tim.o(i.HAL_TIM_ConfigClockSource), (248 bytes).
    Removing stm32f7xx_hal_tim.o(i.HAL_TIM_ConfigOCrefClear), (170 bytes).
    Removing stm32f7xx_hal_tim.o(i.HAL_TIM_ConfigTI1Input), (16 bytes).
    Removing stm32f7xx_hal_tim.o(i.HAL_TIM_DMABurst_ReadStart), (260 bytes).
    Removing stm32f7xx_hal_tim.o(i.HAL_TIM_DMABurst_ReadStop), (96 bytes).
    Removing stm32f7xx_hal_tim.o(i.HAL_TIM_DMABurst_WriteStart), (260 bytes).
    Removing stm32f7xx_hal_tim.o(i.HAL_TIM_DMABurst_WriteStop), (96 bytes).
    Removing stm32f7xx_hal_tim.o(i.HAL_TIM_Encoder_DeInit), (56 bytes).
    Removing stm32f7xx_hal_tim.o(i.HAL_TIM_Encoder_GetState), (6 bytes).
    Removing stm32f7xx_hal_tim.o(i.HAL_TIM_Encoder_Init), (156 bytes).
    Removing stm32f7xx_hal_tim.o(i.HAL_TIM_Encoder_MspDeInit), (2 bytes).
    Removing stm32f7xx_hal_tim.o(i.HAL_TIM_Encoder_MspInit), (2 bytes).
    Removing stm32f7xx_hal_tim.o(i.HAL_TIM_Encoder_Start), (50 bytes).
    Removing stm32f7xx_hal_tim.o(i.HAL_TIM_Encoder_Start_DMA), (272 bytes).
    Removing stm32f7xx_hal_tim.o(i.HAL_TIM_Encoder_Start_IT), (92 bytes).
    Removing stm32f7xx_hal_tim.o(i.HAL_TIM_Encoder_Stop), (68 bytes).
    Removing stm32f7xx_hal_tim.o(i.HAL_TIM_Encoder_Stop_DMA), (116 bytes).
    Removing stm32f7xx_hal_tim.o(i.HAL_TIM_Encoder_Stop_IT), (116 bytes).
    Removing stm32f7xx_hal_tim.o(i.HAL_TIM_ErrorCallback), (2 bytes).
    Removing stm32f7xx_hal_tim.o(i.HAL_TIM_GenerateEvent), (38 bytes).
    Removing stm32f7xx_hal_tim.o(i.HAL_TIM_IC_CaptureCallback), (2 bytes).
    Removing stm32f7xx_hal_tim.o(i.HAL_TIM_IC_ConfigChannel), (284 bytes).
    Removing stm32f7xx_hal_tim.o(i.HAL_TIM_IC_DeInit), (56 bytes).
    Removing stm32f7xx_hal_tim.o(i.HAL_TIM_IC_GetState), (6 bytes).
    Removing stm32f7xx_hal_tim.o(i.HAL_TIM_IC_Init), (54 bytes).
    Removing stm32f7xx_hal_tim.o(i.HAL_TIM_IC_MspDeInit), (2 bytes).
    Removing stm32f7xx_hal_tim.o(i.HAL_TIM_IC_MspInit), (2 bytes).
    Removing stm32f7xx_hal_tim.o(i.HAL_TIM_IC_Start), (26 bytes).
    Removing stm32f7xx_hal_tim.o(i.HAL_TIM_IC_Start_DMA), (200 bytes).
    Removing stm32f7xx_hal_tim.o(i.HAL_TIM_IC_Start_IT), (76 bytes).
    Removing stm32f7xx_hal_tim.o(i.HAL_TIM_IC_Stop), (44 bytes).
    Removing stm32f7xx_hal_tim.o(i.HAL_TIM_IC_Stop_DMA), (100 bytes).
    Removing stm32f7xx_hal_tim.o(i.HAL_TIM_IC_Stop_IT), (94 bytes).
    Removing stm32f7xx_hal_tim.o(i.HAL_TIM_OC_ConfigChannel), (86 bytes).
    Removing stm32f7xx_hal_tim.o(i.HAL_TIM_OC_DeInit), (56 bytes).
    Removing stm32f7xx_hal_tim.o(i.HAL_TIM_OC_GetState), (6 bytes).
    Removing stm32f7xx_hal_tim.o(i.HAL_TIM_OC_Init), (54 bytes).
    Removing stm32f7xx_hal_tim.o(i.HAL_TIM_OC_MspDeInit), (2 bytes).
    Removing stm32f7xx_hal_tim.o(i.HAL_TIM_OC_MspInit), (2 bytes).
    Removing stm32f7xx_hal_tim.o(i.HAL_TIM_OC_Start), (56 bytes).
    Removing stm32f7xx_hal_tim.o(i.HAL_TIM_OC_Start_DMA), (240 bytes).
    Removing stm32f7xx_hal_tim.o(i.HAL_TIM_OC_Start_IT), (108 bytes).
    Removing stm32f7xx_hal_tim.o(i.HAL_TIM_OC_Stop), (88 bytes).
    Removing stm32f7xx_hal_tim.o(i.HAL_TIM_OC_Stop_DMA), (144 bytes).
    Removing stm32f7xx_hal_tim.o(i.HAL_TIM_OC_Stop_IT), (136 bytes).
    Removing stm32f7xx_hal_tim.o(i.HAL_TIM_OnePulse_ConfigChannel), (224 bytes).
    Removing stm32f7xx_hal_tim.o(i.HAL_TIM_OnePulse_DeInit), (56 bytes).
    Removing stm32f7xx_hal_tim.o(i.HAL_TIM_OnePulse_GetState), (6 bytes).
    Removing stm32f7xx_hal_tim.o(i.HAL_TIM_OnePulse_Init), (74 bytes).
    Removing stm32f7xx_hal_tim.o(i.HAL_TIM_OnePulse_MspDeInit), (2 bytes).
    Removing stm32f7xx_hal_tim.o(i.HAL_TIM_OnePulse_MspInit), (2 bytes).
    Removing stm32f7xx_hal_tim.o(i.HAL_TIM_OnePulse_Start), (60 bytes).
    Removing stm32f7xx_hal_tim.o(i.HAL_TIM_OnePulse_Start_IT), (80 bytes).
    Removing stm32f7xx_hal_tim.o(i.HAL_TIM_OnePulse_Stop), (100 bytes).
    Removing stm32f7xx_hal_tim.o(i.HAL_TIM_OnePulse_Stop_IT), (120 bytes).
    Removing stm32f7xx_hal_tim.o(i.HAL_TIM_PWM_ConfigChannel), (208 bytes).
    Removing stm32f7xx_hal_tim.o(i.HAL_TIM_PWM_DeInit), (56 bytes).
    Removing stm32f7xx_hal_tim.o(i.HAL_TIM_PWM_GetState), (6 bytes).
    Removing stm32f7xx_hal_tim.o(i.HAL_TIM_PWM_Init), (54 bytes).
    Removing stm32f7xx_hal_tim.o(i.HAL_TIM_PWM_MspDeInit), (2 bytes).
    Removing stm32f7xx_hal_tim.o(i.HAL_TIM_PWM_MspInit), (2 bytes).
    Removing stm32f7xx_hal_tim.o(i.HAL_TIM_PWM_Start), (56 bytes).
    Removing stm32f7xx_hal_tim.o(i.HAL_TIM_PWM_Start_DMA), (240 bytes).
    Removing stm32f7xx_hal_tim.o(i.HAL_TIM_PWM_Start_IT), (108 bytes).
    Removing stm32f7xx_hal_tim.o(i.HAL_TIM_PWM_Stop), (92 bytes).
    Removing stm32f7xx_hal_tim.o(i.HAL_TIM_PWM_Stop_DMA), (144 bytes).
    Removing stm32f7xx_hal_tim.o(i.HAL_TIM_PWM_Stop_IT), (136 bytes).
    Removing stm32f7xx_hal_tim.o(i.HAL_TIM_PeriodElapsedCallback), (2 bytes).
    Removing stm32f7xx_hal_tim.o(i.HAL_TIM_SlaveConfigSynchro), (164 bytes).
    Removing stm32f7xx_hal_tim.o(i.HAL_TIM_SlaveConfigSynchro_IT), (66 bytes).
    Removing stm32f7xx_hal_tim.o(i.TIM_Base_SetConfig), (192 bytes).
    Removing stm32f7xx_hal_tim.o(i.TIM_CCxChannelCmd), (22 bytes).
    Removing stm32f7xx_hal_tim.o(i.TIM_DMACaptureCplt), (62 bytes).
    Removing stm32f7xx_hal_tim.o(i.TIM_DMADelayPulseCplt), (62 bytes).
    Removing stm32f7xx_hal_tim.o(i.TIM_DMAError), (16 bytes).
    Removing stm32f7xx_hal_tim.o(i.TIM_DMAPeriodElapsedCplt), (16 bytes).
    Removing stm32f7xx_hal_tim.o(i.TIM_DMATriggerCplt), (16 bytes).
    Removing stm32f7xx_hal_tim.o(i.TIM_ETR_SetConfig), (20 bytes).
    Removing stm32f7xx_hal_tim.o(i.TIM_ITRx_SetConfig), (16 bytes).
    Removing stm32f7xx_hal_tim.o(i.TIM_OC1_SetConfig), (96 bytes).
    Removing stm32f7xx_hal_tim.o(i.TIM_OC2_SetConfig), (108 bytes).
    Removing stm32f7xx_hal_tim.o(i.TIM_OC3_SetConfig), (104 bytes).
    Removing stm32f7xx_hal_tim.o(i.TIM_OC4_SetConfig), (88 bytes).
    Removing stm32f7xx_hal_tim.o(i.TIM_SlaveTimer_SetConfig), (128 bytes).
    Removing stm32f7xx_hal_tim.o(i.TIM_TI1_ConfigInputStage), (34 bytes).
    Removing stm32f7xx_hal_tim.o(i.TIM_TI1_SetConfig), (128 bytes).
    Removing stm32f7xx_hal_tim.o(i.TIM_TI2_ConfigInputStage), (36 bytes).
    Removing stm32f7xx_hal_tim.o(i.TIM_TI2_SetConfig), (54 bytes).
    Removing stm32f7xx_hal_tim_ex.o(.rev16_text), (4 bytes).
    Removing stm32f7xx_hal_tim_ex.o(.revsh_text), (4 bytes).
    Removing stm32f7xx_hal_tim_ex.o(.rrx_text), (6 bytes).
    Removing stm32f7xx_hal_tim_ex.o(i.HAL_TIMEx_ConfigBreakDeadTime), (84 bytes).
    Removing stm32f7xx_hal_tim_ex.o(i.HAL_TIMEx_ConfigBreakInput), (100 bytes).
    Removing stm32f7xx_hal_tim_ex.o(i.HAL_TIMEx_ConfigCommutEvent), (92 bytes).
    Removing stm32f7xx_hal_tim_ex.o(i.HAL_TIMEx_ConfigCommutEvent_DMA), (124 bytes).
    Removing stm32f7xx_hal_tim_ex.o(i.HAL_TIMEx_ConfigCommutEvent_IT), (102 bytes).
    Removing stm32f7xx_hal_tim_ex.o(i.HAL_TIMEx_GroupChannel5), (58 bytes).
    Removing stm32f7xx_hal_tim_ex.o(i.HAL_TIMEx_HallSensor_DeInit), (56 bytes).
    Removing stm32f7xx_hal_tim_ex.o(i.HAL_TIMEx_HallSensor_GetState), (6 bytes).
    Removing stm32f7xx_hal_tim_ex.o(i.HAL_TIMEx_HallSensor_Init), (180 bytes).
    Removing stm32f7xx_hal_tim_ex.o(i.HAL_TIMEx_HallSensor_MspDeInit), (2 bytes).
    Removing stm32f7xx_hal_tim_ex.o(i.HAL_TIMEx_HallSensor_MspInit), (2 bytes).
    Removing stm32f7xx_hal_tim_ex.o(i.HAL_TIMEx_HallSensor_Start), (28 bytes).
    Removing stm32f7xx_hal_tim_ex.o(i.HAL_TIMEx_HallSensor_Start_DMA), (104 bytes).
    Removing stm32f7xx_hal_tim_ex.o(i.HAL_TIMEx_HallSensor_Start_IT), (38 bytes).
    Removing stm32f7xx_hal_tim_ex.o(i.HAL_TIMEx_HallSensor_Stop), (46 bytes).
    Removing stm32f7xx_hal_tim_ex.o(i.HAL_TIMEx_HallSensor_Stop_DMA), (56 bytes).
    Removing stm32f7xx_hal_tim_ex.o(i.HAL_TIMEx_HallSensor_Stop_IT), (56 bytes).
    Removing stm32f7xx_hal_tim_ex.o(i.HAL_TIMEx_MasterConfigSynchronization), (88 bytes).
    Removing stm32f7xx_hal_tim_ex.o(i.HAL_TIMEx_OCN_Start), (36 bytes).
    Removing stm32f7xx_hal_tim_ex.o(i.HAL_TIMEx_OCN_Start_DMA), (220 bytes).
    Removing stm32f7xx_hal_tim_ex.o(i.HAL_TIMEx_OCN_Start_IT), (96 bytes).
    Removing stm32f7xx_hal_tim_ex.o(i.HAL_TIMEx_OCN_Stop), (68 bytes).
    Removing stm32f7xx_hal_tim_ex.o(i.HAL_TIMEx_OCN_Stop_DMA), (124 bytes).
    Removing stm32f7xx_hal_tim_ex.o(i.HAL_TIMEx_OCN_Stop_IT), (134 bytes).
    Removing stm32f7xx_hal_tim_ex.o(i.HAL_TIMEx_OnePulseN_Start), (26 bytes).
    Removing stm32f7xx_hal_tim_ex.o(i.HAL_TIMEx_OnePulseN_Start_IT), (46 bytes).
    Removing stm32f7xx_hal_tim_ex.o(i.HAL_TIMEx_OnePulseN_Stop), (68 bytes).
    Removing stm32f7xx_hal_tim_ex.o(i.HAL_TIMEx_OnePulseN_Stop_IT), (88 bytes).
    Removing stm32f7xx_hal_tim_ex.o(i.HAL_TIMEx_PWMN_Start), (36 bytes).
    Removing stm32f7xx_hal_tim_ex.o(i.HAL_TIMEx_PWMN_Start_DMA), (220 bytes).
    Removing stm32f7xx_hal_tim_ex.o(i.HAL_TIMEx_PWMN_Start_IT), (96 bytes).
    Removing stm32f7xx_hal_tim_ex.o(i.HAL_TIMEx_PWMN_Stop), (68 bytes).
    Removing stm32f7xx_hal_tim_ex.o(i.HAL_TIMEx_PWMN_Stop_DMA), (124 bytes).
    Removing stm32f7xx_hal_tim_ex.o(i.HAL_TIMEx_PWMN_Stop_IT), (134 bytes).
    Removing stm32f7xx_hal_tim_ex.o(i.HAL_TIMEx_RemapConfig), (32 bytes).
    Removing stm32f7xx_hal_tim_ex.o(i.HAL_TIM_ConfigOCrefClear), (258 bytes).
    Removing stm32f7xx_hal_tim_ex.o(i.HAL_TIM_OC_ConfigChannel), (114 bytes).
    Removing stm32f7xx_hal_tim_ex.o(i.HAL_TIM_PWM_ConfigChannel), (296 bytes).
    Removing stm32f7xx_hal_tim_ex.o(i.TIMEx_DMACommutationCplt), (16 bytes).
    Removing stm32f7xx_hal_tim_ex.o(i.TIM_CCxNChannelCmd), (22 bytes).
    Removing stm32f7xx_hal_tim_ex.o(i.TIM_OC5_SetConfig), (80 bytes).
    Removing stm32f7xx_hal_tim_ex.o(i.TIM_OC6_SetConfig), (84 bytes).
    Removing dadd.o(.text), (334 bytes).
    Removing dfixul.o(.text), (48 bytes).
    Removing cdrcmple.o(.text), (48 bytes).

529 unused section(s) (total 41698 bytes) removed from the image.

==============================================================================

Image Symbol Table

    Local Symbols

    Symbol Name                              Value     Ov Type        Size  Object(Section)

    ../Core/Src/gpio.c                       0x00000000   Number         0  gpio.o ABSOLUTE
    ../Core/Src/main.c                       0x00000000   Number         0  main.o ABSOLUTE
    ../Core/Src/stm32f7xx_hal_msp.c          0x00000000   Number         0  stm32f7xx_hal_msp.o ABSOLUTE
    ../Core/Src/stm32f7xx_it.c               0x00000000   Number         0  stm32f7xx_it.o ABSOLUTE
    ../Core/Src/usart.c                      0x00000000   Number         0  usart.o ABSOLUTE
    ../Drivers/STM32F7xx_HAL_Driver/Src/stm32f7xx_hal.c 0x00000000   Number         0  stm32f7xx_hal.o ABSOLUTE
    ../Drivers/STM32F7xx_HAL_Driver/Src/stm32f7xx_hal_cortex.c 0x00000000   Number         0  stm32f7xx_hal_cortex.o ABSOLUTE
    ../Drivers/STM32F7xx_HAL_Driver/Src/stm32f7xx_hal_dma.c 0x00000000   Number         0  stm32f7xx_hal_dma.o ABSOLUTE
    ../Drivers/STM32F7xx_HAL_Driver/Src/stm32f7xx_hal_dma_ex.c 0x00000000   Number         0  stm32f7xx_hal_dma_ex.o ABSOLUTE
    ../Drivers/STM32F7xx_HAL_Driver/Src/stm32f7xx_hal_exti.c 0x00000000   Number         0  stm32f7xx_hal_exti.o ABSOLUTE
    ../Drivers/STM32F7xx_HAL_Driver/Src/stm32f7xx_hal_flash.c 0x00000000   Number         0  stm32f7xx_hal_flash.o ABSOLUTE
    ../Drivers/STM32F7xx_HAL_Driver/Src/stm32f7xx_hal_flash_ex.c 0x00000000   Number         0  stm32f7xx_hal_flash_ex.o ABSOLUTE
    ../Drivers/STM32F7xx_HAL_Driver/Src/stm32f7xx_hal_gpio.c 0x00000000   Number         0  stm32f7xx_hal_gpio.o ABSOLUTE
    ../Drivers/STM32F7xx_HAL_Driver/Src/stm32f7xx_hal_i2c.c 0x00000000   Number         0  stm32f7xx_hal_i2c.o ABSOLUTE
    ../Drivers/STM32F7xx_HAL_Driver/Src/stm32f7xx_hal_i2c_ex.c 0x00000000   Number         0  stm32f7xx_hal_i2c_ex.o ABSOLUTE
    ../Drivers/STM32F7xx_HAL_Driver/Src/stm32f7xx_hal_pwr.c 0x00000000   Number         0  stm32f7xx_hal_pwr.o ABSOLUTE
    ../Drivers/STM32F7xx_HAL_Driver/Src/stm32f7xx_hal_pwr_ex.c 0x00000000   Number         0  stm32f7xx_hal_pwr_ex.o ABSOLUTE
    ../Drivers/STM32F7xx_HAL_Driver/Src/stm32f7xx_hal_rcc.c 0x00000000   Number         0  stm32f7xx_hal_rcc.o ABSOLUTE
    ../Drivers/STM32F7xx_HAL_Driver/Src/stm32f7xx_hal_rcc_ex.c 0x00000000   Number         0  stm32f7xx_hal_rcc_ex.o ABSOLUTE
    ../Drivers/STM32F7xx_HAL_Driver/Src/stm32f7xx_hal_uart.c 0x00000000   Number         0  stm32f7xx_hal_uart.o ABSOLUTE
    ../Drivers/STM32F7xx_HAL_Driver/Src/stm32f7xx_hal_uart_ex.c 0x00000000   Number         0  stm32f7xx_hal_uart_ex.o ABSOLUTE
    ../clib/microlib/ctype/ctype.c           0x00000000   Number         0  isspace_c.o ABSOLUTE
    ../clib/microlib/ctype/ctype.c           0x00000000   Number         0  ctype_c.o ABSOLUTE
    ../clib/microlib/division.c              0x00000000   Number         0  uidiv.o ABSOLUTE
    ../clib/microlib/division.c              0x00000000   Number         0  uldiv.o ABSOLUTE
    ../clib/microlib/errno.c                 0x00000000   Number         0  errno.o ABSOLUTE
    ../clib/microlib/init/entry.s            0x00000000   Number         0  entry10b.o ABSOLUTE
    ../clib/microlib/init/entry.s            0x00000000   Number         0  entry9b.o ABSOLUTE
    ../clib/microlib/init/entry.s            0x00000000   Number         0  entry9a.o ABSOLUTE
    ../clib/microlib/init/entry.s            0x00000000   Number         0  entry.o ABSOLUTE
    ../clib/microlib/init/entry.s            0x00000000   Number         0  entry8b.o ABSOLUTE
    ../clib/microlib/init/entry.s            0x00000000   Number         0  entry10a.o ABSOLUTE
    ../clib/microlib/init/entry.s            0x00000000   Number         0  entry8a.o ABSOLUTE
    ../clib/microlib/init/entry.s            0x00000000   Number         0  entry7b.o ABSOLUTE
    ../clib/microlib/init/entry.s            0x00000000   Number         0  entry7a.o ABSOLUTE
    ../clib/microlib/init/entry.s            0x00000000   Number         0  entry5.o ABSOLUTE
    ../clib/microlib/init/entry.s            0x00000000   Number         0  entry2.o ABSOLUTE
    ../clib/microlib/init/entry.s            0x00000000   Number         0  entry11b.o ABSOLUTE
    ../clib/microlib/init/entry.s            0x00000000   Number         0  entry11a.o ABSOLUTE
    ../clib/microlib/longlong.c              0x00000000   Number         0  llushr.o ABSOLUTE
    ../clib/microlib/longlong.c              0x00000000   Number         0  llshl.o ABSOLUTE
    ../clib/microlib/longlong.c              0x00000000   Number         0  llsshr.o ABSOLUTE
    ../clib/microlib/printf/printf.c         0x00000000   Number         0  printfb.o ABSOLUTE
    ../clib/microlib/printf/printf.c         0x00000000   Number         0  printf4.o ABSOLUTE
    ../clib/microlib/printf/printf.c         0x00000000   Number         0  printf0.o ABSOLUTE
    ../clib/microlib/printf/printf.c         0x00000000   Number         0  printfa.o ABSOLUTE
    ../clib/microlib/printf/printf.c         0x00000000   Number         0  printf8.o ABSOLUTE
    ../clib/microlib/printf/printf.c         0x00000000   Number         0  printf7.o ABSOLUTE
    ../clib/microlib/printf/printf.c         0x00000000   Number         0  printf6.o ABSOLUTE
    ../clib/microlib/printf/printf.c         0x00000000   Number         0  printf5.o ABSOLUTE
    ../clib/microlib/printf/printf.c         0x00000000   Number         0  printf1.o ABSOLUTE
    ../clib/microlib/printf/printf.c         0x00000000   Number         0  printf2.o ABSOLUTE
    ../clib/microlib/printf/printf.c         0x00000000   Number         0  printf3.o ABSOLUTE
    ../clib/microlib/printf/stubs.s          0x00000000   Number         0  stubs.o ABSOLUTE
    ../clib/microlib/stdio/streams.c         0x00000000   Number         0  stdout.o ABSOLUTE
    ../clib/microlib/string/memcpy.c         0x00000000   Number         0  memcpyb.o ABSOLUTE
    ../clib/microlib/string/memcpy.c         0x00000000   Number         0  memcpya.o ABSOLUTE
    ../clib/microlib/string/memset.c         0x00000000   Number         0  memseta.o ABSOLUTE
    ../clib/microlib/string/strcat.c         0x00000000   Number         0  strcat.o ABSOLUTE
    ../clib/microlib/string/strlen.c         0x00000000   Number         0  strlen.o ABSOLUTE
    ../clib/microlib/stubs.s                 0x00000000   Number         0  iusefp.o ABSOLUTE
    ../clib/scanf.c                          0x00000000   Number         0  strtod.o ABSOLUTE
    ../clib/scanf.c                          0x00000000   Number         0  scanf_fp.o ABSOLUTE
    ../clib/scanf.c                          0x00000000   Number         0  _sgetc.o ABSOLUTE
    ../fplib/microlib/d2f.c                  0x00000000   Number         0  d2f.o ABSOLUTE
    ../fplib/microlib/fpadd.c                0x00000000   Number         0  dadd.o ABSOLUTE
    ../fplib/microlib/fpdiv.c                0x00000000   Number         0  ddiv.o ABSOLUTE
    ../fplib/microlib/fpepilogue.c           0x00000000   Number         0  fepilogue.o ABSOLUTE
    ../fplib/microlib/fpepilogue.c           0x00000000   Number         0  depilogue.o ABSOLUTE
    ../fplib/microlib/fpfix.c                0x00000000   Number         0  dfixul.o ABSOLUTE
    ../fplib/microlib/fpflt.c                0x00000000   Number         0  dfltul.o ABSOLUTE
    ../fplib/microlib/fpmul.c                0x00000000   Number         0  dmul.o ABSOLUTE
    ../mathlib/atof.c                        0x00000000   Number         0  atof.o ABSOLUTE
    ..\Core\Src\delay.c                      0x00000000   Number         0  delay.o ABSOLUTE
    ..\Core\Src\gpio.c                       0x00000000   Number         0  gpio.o ABSOLUTE
    ..\Core\Src\main.c                       0x00000000   Number         0  main.o ABSOLUTE
    ..\Core\Src\remote.c                     0x00000000   Number         0  remote.o ABSOLUTE
    ..\Core\Src\stm32f7xx_hal_msp.c          0x00000000   Number         0  stm32f7xx_hal_msp.o ABSOLUTE
    ..\Core\Src\stm32f7xx_it.c               0x00000000   Number         0  stm32f7xx_it.o ABSOLUTE
    ..\Core\Src\sys.c                        0x00000000   Number         0  sys.o ABSOLUTE
    ..\Core\Src\system_stm32f7xx.c           0x00000000   Number         0  system_stm32f7xx.o ABSOLUTE
    ..\Core\Src\usart.c                      0x00000000   Number         0  usart.o ABSOLUTE
    ..\Drivers\STM32F7xx_HAL_Driver\Src\stm32f7xx_hal.c 0x00000000   Number         0  stm32f7xx_hal.o ABSOLUTE
    ..\Drivers\STM32F7xx_HAL_Driver\Src\stm32f7xx_hal_cortex.c 0x00000000   Number         0  stm32f7xx_hal_cortex.o ABSOLUTE
    ..\Drivers\STM32F7xx_HAL_Driver\Src\stm32f7xx_hal_dma.c 0x00000000   Number         0  stm32f7xx_hal_dma.o ABSOLUTE
    ..\Drivers\STM32F7xx_HAL_Driver\Src\stm32f7xx_hal_dma_ex.c 0x00000000   Number         0  stm32f7xx_hal_dma_ex.o ABSOLUTE
    ..\Drivers\STM32F7xx_HAL_Driver\Src\stm32f7xx_hal_exti.c 0x00000000   Number         0  stm32f7xx_hal_exti.o ABSOLUTE
    ..\Drivers\STM32F7xx_HAL_Driver\Src\stm32f7xx_hal_flash.c 0x00000000   Number         0  stm32f7xx_hal_flash.o ABSOLUTE
    ..\Drivers\STM32F7xx_HAL_Driver\Src\stm32f7xx_hal_flash_ex.c 0x00000000   Number         0  stm32f7xx_hal_flash_ex.o ABSOLUTE
    ..\Drivers\STM32F7xx_HAL_Driver\Src\stm32f7xx_hal_gpio.c 0x00000000   Number         0  stm32f7xx_hal_gpio.o ABSOLUTE
    ..\Drivers\STM32F7xx_HAL_Driver\Src\stm32f7xx_hal_i2c.c 0x00000000   Number         0  stm32f7xx_hal_i2c.o ABSOLUTE
    ..\Drivers\STM32F7xx_HAL_Driver\Src\stm32f7xx_hal_i2c_ex.c 0x00000000   Number         0  stm32f7xx_hal_i2c_ex.o ABSOLUTE
    ..\Drivers\STM32F7xx_HAL_Driver\Src\stm32f7xx_hal_pwr.c 0x00000000   Number         0  stm32f7xx_hal_pwr.o ABSOLUTE
    ..\Drivers\STM32F7xx_HAL_Driver\Src\stm32f7xx_hal_pwr_ex.c 0x00000000   Number         0  stm32f7xx_hal_pwr_ex.o ABSOLUTE
    ..\Drivers\STM32F7xx_HAL_Driver\Src\stm32f7xx_hal_rcc.c 0x00000000   Number         0  stm32f7xx_hal_rcc.o ABSOLUTE
    ..\Drivers\STM32F7xx_HAL_Driver\Src\stm32f7xx_hal_rcc_ex.c 0x00000000   Number         0  stm32f7xx_hal_rcc_ex.o ABSOLUTE
    ..\Drivers\STM32F7xx_HAL_Driver\Src\stm32f7xx_hal_tim.c 0x00000000   Number         0  stm32f7xx_hal_tim.o ABSOLUTE
    ..\Drivers\STM32F7xx_HAL_Driver\Src\stm32f7xx_hal_tim_ex.c 0x00000000   Number         0  stm32f7xx_hal_tim_ex.o ABSOLUTE
    ..\Drivers\STM32F7xx_HAL_Driver\Src\stm32f7xx_hal_uart.c 0x00000000   Number         0  stm32f7xx_hal_uart.o ABSOLUTE
    ..\Drivers\STM32F7xx_HAL_Driver\Src\stm32f7xx_hal_uart_ex.c 0x00000000   Number         0  stm32f7xx_hal_uart_ex.o ABSOLUTE
    ..\\Core\\Src\\delay.c                   0x00000000   Number         0  delay.o ABSOLUTE
    ..\\Core\\Src\\remote.c                  0x00000000   Number         0  remote.o ABSOLUTE
    ..\\Core\\Src\\sys.c                     0x00000000   Number         0  sys.o ABSOLUTE
    ..\\Core\\Src\\system_stm32f7xx.c        0x00000000   Number         0  system_stm32f7xx.o ABSOLUTE
    ..\\Drivers\\STM32F7xx_HAL_Driver\\Src\\stm32f7xx_hal_tim.c 0x00000000   Number         0  stm32f7xx_hal_tim.o ABSOLUTE
    ..\\Drivers\\STM32F7xx_HAL_Driver\\Src\\stm32f7xx_hal_tim_ex.c 0x00000000   Number         0  stm32f7xx_hal_tim_ex.o ABSOLUTE
    cdrcmple.s                               0x00000000   Number         0  cdrcmple.o ABSOLUTE
    dc.s                                     0x00000000   Number         0  dc.o ABSOLUTE
    handlers.s                               0x00000000   Number         0  handlers.o ABSOLUTE
    init.s                                   0x00000000   Number         0  init.o ABSOLUTE
    startup_stm32f767xx.s                    0x00000000   Number         0  startup_stm32f767xx.o ABSOLUTE
    RESET                                    0x08000000   Section      504  startup_stm32f767xx.o(RESET)
    .ARM.Collect$$$$00000000                 0x080001f8   Section        0  entry.o(.ARM.Collect$$$$00000000)
    .ARM.Collect$$$$00000001                 0x080001f8   Section        4  entry2.o(.ARM.Collect$$$$00000001)
    .ARM.Collect$$$$00000004                 0x080001fc   Section        4  entry5.o(.ARM.Collect$$$$00000004)
    .ARM.Collect$$$$00000008                 0x08000200   Section        0  entry7b.o(.ARM.Collect$$$$00000008)
    .ARM.Collect$$$$0000000A                 0x08000200   Section        0  entry8b.o(.ARM.Collect$$$$0000000A)
    .ARM.Collect$$$$0000000B                 0x08000200   Section        8  entry9a.o(.ARM.Collect$$$$0000000B)
    .ARM.Collect$$$$0000000D                 0x08000208   Section        0  entry10a.o(.ARM.Collect$$$$0000000D)
    .ARM.Collect$$$$0000000F                 0x08000208   Section        0  entry11a.o(.ARM.Collect$$$$0000000F)
    .ARM.Collect$$$$00002712                 0x08000208   Section        4  entry2.o(.ARM.Collect$$$$00002712)
    __lit__00000000                          0x08000208   Data           4  entry2.o(.ARM.Collect$$$$00002712)
    .text                                    0x0800020c   Section       36  startup_stm32f767xx.o(.text)
    $v0                                      0x0800020c   Number         0  startup_stm32f767xx.o(.text)
    .text                                    0x08000230   Section        0  uldiv.o(.text)
    .text                                    0x08000292   Section        0  memcpya.o(.text)
    .text                                    0x080002b6   Section        0  memseta.o(.text)
    .text                                    0x080002da   Section        0  strcat.o(.text)
    .text                                    0x080002f2   Section        0  strlen.o(.text)
    .text                                    0x08000300   Section        0  llshl.o(.text)
    .text                                    0x0800031e   Section        0  llushr.o(.text)
    .text                                    0x08000340   Section        0  strtod.o(.text)
    _local_sscanf                            0x08000341   Thumb Code    54  strtod.o(.text)
    .text                                    0x080003dc   Section        0  dmul.o(.text)
    .text                                    0x080003dc   Section        0  iusefp.o(.text)
    .text                                    0x080004c0   Section        0  ddiv.o(.text)
    .text                                    0x080005a0   Section       36  init.o(.text)
    .text                                    0x080005c4   Section        0  isspace_c.o(.text)
    .text                                    0x080005d0   Section        0  scanf_fp.o(.text)
    _fp_value                                0x080005d1   Thumb Code   256  scanf_fp.o(.text)
    .text                                    0x08000908   Section        0  _sgetc.o(.text)
    .text                                    0x08000948   Section        0  depilogue.o(.text)
    .text                                    0x08000a04   Section        0  ctype_c.o(.text)
    .text                                    0x08000a2c   Section        0  dfltul.o(.text)
    .text                                    0x08000a44   Section        0  d2f.o(.text)
    .text                                    0x08000a7c   Section        0  fepilogue.o(.text)
    i.BusFault_Handler                       0x08000aea   Section        0  stm32f7xx_it.o(i.BusFault_Handler)
    i.Cache_Enable                           0x08000aec   Section        0  sys.o(i.Cache_Enable)
    i.DebugMon_Handler                       0x08000b74   Section        0  stm32f7xx_it.o(i.DebugMon_Handler)
    i.Error_Handler                          0x08000b76   Section        0  main.o(i.Error_Handler)
    i.HAL_Delay                              0x08000b78   Section        0  stm32f7xx_hal.o(i.HAL_Delay)
    i.HAL_GPIO_Init                          0x08000b9c   Section        0  stm32f7xx_hal_gpio.o(i.HAL_GPIO_Init)
    i.HAL_GPIO_ReadPin                       0x08000d6c   Section        0  stm32f7xx_hal_gpio.o(i.HAL_GPIO_ReadPin)
    i.HAL_GPIO_TogglePin                     0x08000d76   Section        0  stm32f7xx_hal_gpio.o(i.HAL_GPIO_TogglePin)
    i.HAL_GPIO_WritePin                      0x08000d86   Section        0  stm32f7xx_hal_gpio.o(i.HAL_GPIO_WritePin)
    i.HAL_GetTick                            0x08000d90   Section        0  stm32f7xx_hal.o(i.HAL_GetTick)
    i.HAL_IncTick                            0x08000d9c   Section        0  stm32f7xx_hal.o(i.HAL_IncTick)
    i.HAL_Init                               0x08000dac   Section        0  stm32f7xx_hal.o(i.HAL_Init)
    i.HAL_InitTick                           0x08000dc4   Section        0  stm32f7xx_hal.o(i.HAL_InitTick)
    i.HAL_MspInit                            0x08000e04   Section        0  stm32f7xx_hal_msp.o(i.HAL_MspInit)
    i.HAL_NVIC_SetPriority                   0x08000e34   Section        0  stm32f7xx_hal_cortex.o(i.HAL_NVIC_SetPriority)
    i.HAL_NVIC_SetPriorityGrouping           0x08000e74   Section        0  stm32f7xx_hal_cortex.o(i.HAL_NVIC_SetPriorityGrouping)
    i.HAL_PWREx_EnableOverDrive              0x08000e98   Section        0  stm32f7xx_hal_pwr_ex.o(i.HAL_PWREx_EnableOverDrive)
    i.HAL_RCC_ClockConfig                    0x08000f04   Section        0  stm32f7xx_hal_rcc.o(i.HAL_RCC_ClockConfig)
    i.HAL_RCC_GetPCLK1Freq                   0x08001040   Section        0  stm32f7xx_hal_rcc.o(i.HAL_RCC_GetPCLK1Freq)
    i.HAL_RCC_GetPCLK2Freq                   0x08001060   Section        0  stm32f7xx_hal_rcc.o(i.HAL_RCC_GetPCLK2Freq)
    i.HAL_RCC_GetSysClockFreq                0x08001080   Section        0  stm32f7xx_hal_rcc.o(i.HAL_RCC_GetSysClockFreq)
    i.HAL_RCC_OscConfig                      0x080010e4   Section        0  stm32f7xx_hal_rcc.o(i.HAL_RCC_OscConfig)
    i.HAL_SYSTICK_CLKSourceConfig            0x08001464   Section        0  stm32f7xx_hal_cortex.o(i.HAL_SYSTICK_CLKSourceConfig)
    i.HAL_SYSTICK_Config                     0x0800147c   Section        0  stm32f7xx_hal_cortex.o(i.HAL_SYSTICK_Config)
    i.HAL_TIMEx_BreakCallback                0x080014a4   Section        0  stm32f7xx_hal_tim_ex.o(i.HAL_TIMEx_BreakCallback)
    i.HAL_TIMEx_CommutCallback               0x080014a6   Section        0  stm32f7xx_hal_tim_ex.o(i.HAL_TIMEx_CommutCallback)
    i.HAL_TIM_IC_CaptureCallback             0x080014a8   Section        0  remote.o(i.HAL_TIM_IC_CaptureCallback)
    i.HAL_TIM_IRQHandler                     0x08001578   Section        0  stm32f7xx_hal_tim.o(i.HAL_TIM_IRQHandler)
    i.HAL_TIM_OC_DelayElapsedCallback        0x080016f8   Section        0  stm32f7xx_hal_tim.o(i.HAL_TIM_OC_DelayElapsedCallback)
    i.HAL_TIM_PWM_PulseFinishedCallback      0x080016fa   Section        0  stm32f7xx_hal_tim.o(i.HAL_TIM_PWM_PulseFinishedCallback)
    i.HAL_TIM_PeriodElapsedCallback          0x080016fc   Section        0  remote.o(i.HAL_TIM_PeriodElapsedCallback)
    i.HAL_TIM_ReadCapturedValue              0x0800173c   Section        0  stm32f7xx_hal_tim.o(i.HAL_TIM_ReadCapturedValue)
    i.HAL_TIM_TriggerCallback                0x08001780   Section        0  stm32f7xx_hal_tim.o(i.HAL_TIM_TriggerCallback)
    i.HAL_UARTEx_RxEventCallback             0x08001782   Section        0  stm32f7xx_hal_uart.o(i.HAL_UARTEx_RxEventCallback)
    i.HAL_UART_Init                          0x08001784   Section        0  stm32f7xx_hal_uart.o(i.HAL_UART_Init)
    i.HAL_UART_MspInit                       0x080017ec   Section        0  usart.o(i.HAL_UART_MspInit)
    i.HAL_UART_Receive_IT                    0x08001888   Section        0  stm32f7xx_hal_uart.o(i.HAL_UART_Receive_IT)
    i.HAL_UART_RxCpltCallback                0x080018c6   Section        0  stm32f7xx_hal_uart.o(i.HAL_UART_RxCpltCallback)
    i.HAL_UART_Transmit                      0x080018c8   Section        0  stm32f7xx_hal_uart.o(i.HAL_UART_Transmit)
    i.HardFault_Handler                      0x0800197c   Section        0  stm32f7xx_it.o(i.HardFault_Handler)
    i.MX_GPIO_Init                           0x08001980   Section        0  gpio.o(i.MX_GPIO_Init)
    i.MX_USART1_UART_Init                    0x080019ec   Section        0  usart.o(i.MX_USART1_UART_Init)
    i.MX_USART2_UART_Init                    0x08001a28   Section        0  usart.o(i.MX_USART2_UART_Init)
    i.MemManage_Handler                      0x08001a64   Section        0  stm32f7xx_it.o(i.MemManage_Handler)
    i.Motor_Rotate                           0x08001a68   Section        0  usart.o(i.Motor_Rotate)
    i.NMI_Handler                            0x08001b78   Section        0  stm32f7xx_it.o(i.NMI_Handler)
    i.PendSV_Handler                         0x08001b7a   Section        0  stm32f7xx_it.o(i.PendSV_Handler)
    i.SVC_Handler                            0x08001b7c   Section        0  stm32f7xx_it.o(i.SVC_Handler)
    i.Stm32_Clock_Init                       0x08001b80   Section        0  sys.o(i.Stm32_Clock_Init)
    i.SysTick_Handler                        0x08001c04   Section        0  stm32f7xx_it.o(i.SysTick_Handler)
    i.SystemInit                             0x08001c08   Section        0  system_stm32f7xx.o(i.SystemInit)
    i.TIM1_CC_IRQHandler                     0x08001c18   Section        0  remote.o(i.TIM1_CC_IRQHandler)
    i.TIM1_UP_TIM10_IRQHandler               0x08001c24   Section        0  remote.o(i.TIM1_UP_TIM10_IRQHandler)
    i.UART2_Send                             0x08001c30   Section        0  usart.o(i.UART2_Send)
    i.UART_AdvFeatureConfig                  0x08001c68   Section        0  stm32f7xx_hal_uart.o(i.UART_AdvFeatureConfig)
    i.UART_CheckIdleState                    0x08001d30   Section        0  stm32f7xx_hal_uart.o(i.UART_CheckIdleState)
    i.UART_RxISR_16BIT                       0x08001d8c   Section        0  stm32f7xx_hal_uart.o(i.UART_RxISR_16BIT)
    UART_RxISR_16BIT                         0x08001d8d   Thumb Code   124  stm32f7xx_hal_uart.o(i.UART_RxISR_16BIT)
    i.UART_RxISR_8BIT                        0x08001e08   Section        0  stm32f7xx_hal_uart.o(i.UART_RxISR_8BIT)
    UART_RxISR_8BIT                          0x08001e09   Thumb Code   124  stm32f7xx_hal_uart.o(i.UART_RxISR_8BIT)
    i.UART_SetConfig                         0x08001e84   Section        0  stm32f7xx_hal_uart.o(i.UART_SetConfig)
    i.UART_Start_Receive_IT                  0x080020b8   Section        0  stm32f7xx_hal_uart.o(i.UART_Start_Receive_IT)
    i.UART_WaitOnFlagUntilTimeout            0x08002148   Section        0  stm32f7xx_hal_uart.o(i.UART_WaitOnFlagUntilTimeout)
    i.UsageFault_Handler                     0x080021e8   Section        0  stm32f7xx_it.o(i.UsageFault_Handler)
    i.__0printf$2                            0x080021ec   Section        0  printf2.o(i.__0printf$2)
    i.__NVIC_SetPriority                     0x0800220c   Section        0  stm32f7xx_hal_cortex.o(i.__NVIC_SetPriority)
    __NVIC_SetPriority                       0x0800220d   Thumb Code    32  stm32f7xx_hal_cortex.o(i.__NVIC_SetPriority)
    i.__hardfp_atof                          0x08002230   Section        0  atof.o(i.__hardfp_atof)
    i.__read_errno                           0x08002268   Section        0  errno.o(i.__read_errno)
    i.__scatterload_copy                     0x08002274   Section       14  handlers.o(i.__scatterload_copy)
    i.__scatterload_null                     0x08002282   Section        2  handlers.o(i.__scatterload_null)
    i.__scatterload_zeroinit                 0x08002284   Section       14  handlers.o(i.__scatterload_zeroinit)
    i.__set_errno                            0x08002294   Section        0  errno.o(i.__set_errno)
    i._is_digit                              0x080022a0   Section        0  scanf_fp.o(i._is_digit)
    i._printf_core                           0x080022ae   Section        0  printf2.o(i._printf_core)
    _printf_core                             0x080022af   Thumb Code   214  printf2.o(i._printf_core)
    i.delay_init                             0x08002384   Section        0  delay.o(i.delay_init)
    i.fputc                                  0x08002398   Section        0  usart.o(i.fputc)
    i.main                                   0x080023c4   Section        0  main.o(i.main)
    i.myitoa                                 0x08002588   Section        0  usart.o(i.myitoa)
    .constdata                               0x080025e8   Section       50  usart.o(.constdata)
    .constdata                               0x0800261a   Section       16  system_stm32f7xx.o(.constdata)
    .constdata                               0x0800262a   Section        8  system_stm32f7xx.o(.constdata)
    .constdata                               0x08002632   Section       64  ctype_c.o(.constdata)
    .data                                    0x20000000   Section       12  main.o(.data)
    .data                                    0x2000000c   Section        4  delay.o(.data)
    fac_us                                   0x2000000c   Data           4  delay.o(.data)
    .data                                    0x20000010   Section        8  remote.o(.data)
    .data                                    0x20000018   Section        4  system_stm32f7xx.o(.data)
    .data                                    0x2000001c   Section       12  stm32f7xx_hal.o(.data)
    .data                                    0x20000028   Section        4  stdout.o(.data)
    .data                                    0x2000002c   Section        4  errno.o(.data)
    _errno                                   0x2000002c   Data           4  errno.o(.data)
    .bss                                     0x20000030   Section      128  main.o(.bss)
    .bss                                     0x200000b0   Section      264  usart.o(.bss)
    .bss                                     0x200001b8   Section       60  remote.o(.bss)
    STACK                                    0x200001f8   Section     1024  startup_stm32f767xx.o(STACK)

    Global Symbols

    Symbol Name                              Value     Ov Type        Size  Object(Section)

    BuildAttributes$$THM_ISAv4$E$P$D$K$B$S$7EM$VFPv5_D16$PE$PLD8$A:L22UL41UL21$X:L11$S22US41US21$IEEE1$IW$USESV6$~STKCKD$USESV7$~SHL$OTIME$ROPI$IEEEJ$EBA8$MICROLIB$REQ8$PRES8$EABIv2 0x00000000   Number         0  anon$$obj.o ABSOLUTE
    __ARM_use_no_argv                        0x00000000   Number         0  main.o ABSOLUTE
    _printf_a                                0x00000000   Number         0  stubs.o ABSOLUTE
    _printf_c                                0x00000000   Number         0  stubs.o ABSOLUTE
    _printf_charcount                        0x00000000   Number         0  stubs.o ABSOLUTE
    _printf_d                                0x00000000   Number         0  stubs.o ABSOLUTE
    _printf_e                                0x00000000   Number         0  stubs.o ABSOLUTE
    _printf_f                                0x00000000   Number         0  stubs.o ABSOLUTE
    _printf_flags                            0x00000000   Number         0  stubs.o ABSOLUTE
    _printf_fp_dec                           0x00000000   Number         0  stubs.o ABSOLUTE
    _printf_fp_hex                           0x00000000   Number         0  stubs.o ABSOLUTE
    _printf_g                                0x00000000   Number         0  stubs.o ABSOLUTE
    _printf_i                                0x00000000   Number         0  stubs.o ABSOLUTE
    _printf_int_dec                          0x00000000   Number         0  stubs.o ABSOLUTE
    _printf_l                                0x00000000   Number         0  stubs.o ABSOLUTE
    _printf_lc                               0x00000000   Number         0  stubs.o ABSOLUTE
    _printf_ll                               0x00000000   Number         0  stubs.o ABSOLUTE
    _printf_lld                              0x00000000   Number         0  stubs.o ABSOLUTE
    _printf_lli                              0x00000000   Number         0  stubs.o ABSOLUTE
    _printf_llo                              0x00000000   Number         0  stubs.o ABSOLUTE
    _printf_llu                              0x00000000   Number         0  stubs.o ABSOLUTE
    _printf_llx                              0x00000000   Number         0  stubs.o ABSOLUTE
    _printf_longlong_dec                     0x00000000   Number         0  stubs.o ABSOLUTE
    _printf_longlong_hex                     0x00000000   Number         0  stubs.o ABSOLUTE
    _printf_longlong_oct                     0x00000000   Number         0  stubs.o ABSOLUTE
    _printf_ls                               0x00000000   Number         0  stubs.o ABSOLUTE
    _printf_mbtowc                           0x00000000   Number         0  stubs.o ABSOLUTE
    _printf_n                                0x00000000   Number         0  stubs.o ABSOLUTE
    _printf_o                                0x00000000   Number         0  stubs.o ABSOLUTE
    _printf_p                                0x00000000   Number         0  stubs.o ABSOLUTE
    _printf_percent                          0x00000000   Number         0  stubs.o ABSOLUTE
    _printf_pre_padding                      0x00000000   Number         0  stubs.o ABSOLUTE
    _printf_return_value                     0x00000000   Number         0  stubs.o ABSOLUTE
    _printf_s                                0x00000000   Number         0  stubs.o ABSOLUTE
    _printf_sizespec                         0x00000000   Number         0  stubs.o ABSOLUTE
    _printf_str                              0x00000000   Number         0  stubs.o ABSOLUTE
    _printf_truncate_signed                  0x00000000   Number         0  stubs.o ABSOLUTE
    _printf_truncate_unsigned                0x00000000   Number         0  stubs.o ABSOLUTE
    _printf_u                                0x00000000   Number         0  stubs.o ABSOLUTE
    _printf_wc                               0x00000000   Number         0  stubs.o ABSOLUTE
    _printf_wctomb                           0x00000000   Number         0  stubs.o ABSOLUTE
    _printf_widthprec                        0x00000000   Number         0  stubs.o ABSOLUTE
    _printf_x                                0x00000000   Number         0  stubs.o ABSOLUTE
    __cpp_initialize__aeabi_                  - Undefined Weak Reference
    __cxa_finalize                            - Undefined Weak Reference
    __decompress                              - Undefined Weak Reference
    _clock_init                               - Undefined Weak Reference
    _microlib_exit                            - Undefined Weak Reference
    __Vectors_Size                           0x000001f8   Number         0  startup_stm32f767xx.o ABSOLUTE
    __Vectors                                0x08000000   Data           4  startup_stm32f767xx.o(RESET)
    __Vectors_End                            0x080001f8   Data           0  startup_stm32f767xx.o(RESET)
    __main                                   0x080001f9   Thumb Code     0  entry.o(.ARM.Collect$$$$00000000)
    _main_stk                                0x080001f9   Thumb Code     0  entry2.o(.ARM.Collect$$$$00000001)
    _main_scatterload                        0x080001fd   Thumb Code     0  entry5.o(.ARM.Collect$$$$00000004)
    __main_after_scatterload                 0x08000201   Thumb Code     0  entry5.o(.ARM.Collect$$$$00000004)
    _main_clock                              0x08000201   Thumb Code     0  entry7b.o(.ARM.Collect$$$$00000008)
    _main_cpp_init                           0x08000201   Thumb Code     0  entry8b.o(.ARM.Collect$$$$0000000A)
    _main_init                               0x08000201   Thumb Code     0  entry9a.o(.ARM.Collect$$$$0000000B)
    __rt_final_cpp                           0x08000209   Thumb Code     0  entry10a.o(.ARM.Collect$$$$0000000D)
    __rt_final_exit                          0x08000209   Thumb Code     0  entry11a.o(.ARM.Collect$$$$0000000F)
    Reset_Handler                            0x0800020d   Thumb Code     8  startup_stm32f767xx.o(.text)
    ADC_IRQHandler                           0x08000227   Thumb Code     0  startup_stm32f767xx.o(.text)
    CAN1_RX0_IRQHandler                      0x08000227   Thumb Code     0  startup_stm32f767xx.o(.text)
    CAN1_RX1_IRQHandler                      0x08000227   Thumb Code     0  startup_stm32f767xx.o(.text)
    CAN1_SCE_IRQHandler                      0x08000227   Thumb Code     0  startup_stm32f767xx.o(.text)
    CAN1_TX_IRQHandler                       0x08000227   Thumb Code     0  startup_stm32f767xx.o(.text)
    CAN2_RX0_IRQHandler                      0x08000227   Thumb Code     0  startup_stm32f767xx.o(.text)
    CAN2_RX1_IRQHandler                      0x08000227   Thumb Code     0  startup_stm32f767xx.o(.text)
    CAN2_SCE_IRQHandler                      0x08000227   Thumb Code     0  startup_stm32f767xx.o(.text)
    CAN2_TX_IRQHandler                       0x08000227   Thumb Code     0  startup_stm32f767xx.o(.text)
    CAN3_RX0_IRQHandler                      0x08000227   Thumb Code     0  startup_stm32f767xx.o(.text)
    CAN3_RX1_IRQHandler                      0x08000227   Thumb Code     0  startup_stm32f767xx.o(.text)
    CAN3_SCE_IRQHandler                      0x08000227   Thumb Code     0  startup_stm32f767xx.o(.text)
    CAN3_TX_IRQHandler                       0x08000227   Thumb Code     0  startup_stm32f767xx.o(.text)
    CEC_IRQHandler                           0x08000227   Thumb Code     0  startup_stm32f767xx.o(.text)
    DCMI_IRQHandler                          0x08000227   Thumb Code     0  startup_stm32f767xx.o(.text)
    DFSDM1_FLT0_IRQHandler                   0x08000227   Thumb Code     0  startup_stm32f767xx.o(.text)
    DFSDM1_FLT1_IRQHandler                   0x08000227   Thumb Code     0  startup_stm32f767xx.o(.text)
    DFSDM1_FLT2_IRQHandler                   0x08000227   Thumb Code     0  startup_stm32f767xx.o(.text)
    DFSDM1_FLT3_IRQHandler                   0x08000227   Thumb Code     0  startup_stm32f767xx.o(.text)
    DMA1_Stream0_IRQHandler                  0x08000227   Thumb Code     0  startup_stm32f767xx.o(.text)
    DMA1_Stream1_IRQHandler                  0x08000227   Thumb Code     0  startup_stm32f767xx.o(.text)
    DMA1_Stream2_IRQHandler                  0x08000227   Thumb Code     0  startup_stm32f767xx.o(.text)
    DMA1_Stream3_IRQHandler                  0x08000227   Thumb Code     0  startup_stm32f767xx.o(.text)
    DMA1_Stream4_IRQHandler                  0x08000227   Thumb Code     0  startup_stm32f767xx.o(.text)
    DMA1_Stream5_IRQHandler                  0x08000227   Thumb Code     0  startup_stm32f767xx.o(.text)
    DMA1_Stream6_IRQHandler                  0x08000227   Thumb Code     0  startup_stm32f767xx.o(.text)
    DMA1_Stream7_IRQHandler                  0x08000227   Thumb Code     0  startup_stm32f767xx.o(.text)
    DMA2D_IRQHandler                         0x08000227   Thumb Code     0  startup_stm32f767xx.o(.text)
    DMA2_Stream0_IRQHandler                  0x08000227   Thumb Code     0  startup_stm32f767xx.o(.text)
    DMA2_Stream1_IRQHandler                  0x08000227   Thumb Code     0  startup_stm32f767xx.o(.text)
    DMA2_Stream2_IRQHandler                  0x08000227   Thumb Code     0  startup_stm32f767xx.o(.text)
    DMA2_Stream3_IRQHandler                  0x08000227   Thumb Code     0  startup_stm32f767xx.o(.text)
    DMA2_Stream4_IRQHandler                  0x08000227   Thumb Code     0  startup_stm32f767xx.o(.text)
    DMA2_Stream5_IRQHandler                  0x08000227   Thumb Code     0  startup_stm32f767xx.o(.text)
    DMA2_Stream6_IRQHandler                  0x08000227   Thumb Code     0  startup_stm32f767xx.o(.text)
    DMA2_Stream7_IRQHandler                  0x08000227   Thumb Code     0  startup_stm32f767xx.o(.text)
    ETH_IRQHandler                           0x08000227   Thumb Code     0  startup_stm32f767xx.o(.text)
    ETH_WKUP_IRQHandler                      0x08000227   Thumb Code     0  startup_stm32f767xx.o(.text)
    EXTI0_IRQHandler                         0x08000227   Thumb Code     0  startup_stm32f767xx.o(.text)
    EXTI15_10_IRQHandler                     0x08000227   Thumb Code     0  startup_stm32f767xx.o(.text)
    EXTI1_IRQHandler                         0x08000227   Thumb Code     0  startup_stm32f767xx.o(.text)
    EXTI2_IRQHandler                         0x08000227   Thumb Code     0  startup_stm32f767xx.o(.text)
    EXTI3_IRQHandler                         0x08000227   Thumb Code     0  startup_stm32f767xx.o(.text)
    EXTI4_IRQHandler                         0x08000227   Thumb Code     0  startup_stm32f767xx.o(.text)
    EXTI9_5_IRQHandler                       0x08000227   Thumb Code     0  startup_stm32f767xx.o(.text)
    FLASH_IRQHandler                         0x08000227   Thumb Code     0  startup_stm32f767xx.o(.text)
    FMC_IRQHandler                           0x08000227   Thumb Code     0  startup_stm32f767xx.o(.text)
    FPU_IRQHandler                           0x08000227   Thumb Code     0  startup_stm32f767xx.o(.text)
    I2C1_ER_IRQHandler                       0x08000227   Thumb Code     0  startup_stm32f767xx.o(.text)
    I2C1_EV_IRQHandler                       0x08000227   Thumb Code     0  startup_stm32f767xx.o(.text)
    I2C2_ER_IRQHandler                       0x08000227   Thumb Code     0  startup_stm32f767xx.o(.text)
    I2C2_EV_IRQHandler                       0x08000227   Thumb Code     0  startup_stm32f767xx.o(.text)
    I2C3_ER_IRQHandler                       0x08000227   Thumb Code     0  startup_stm32f767xx.o(.text)
    I2C3_EV_IRQHandler                       0x08000227   Thumb Code     0  startup_stm32f767xx.o(.text)
    I2C4_ER_IRQHandler                       0x08000227   Thumb Code     0  startup_stm32f767xx.o(.text)
    I2C4_EV_IRQHandler                       0x08000227   Thumb Code     0  startup_stm32f767xx.o(.text)
    JPEG_IRQHandler                          0x08000227   Thumb Code     0  startup_stm32f767xx.o(.text)
    LPTIM1_IRQHandler                        0x08000227   Thumb Code     0  startup_stm32f767xx.o(.text)
    LTDC_ER_IRQHandler                       0x08000227   Thumb Code     0  startup_stm32f767xx.o(.text)
    LTDC_IRQHandler                          0x08000227   Thumb Code     0  startup_stm32f767xx.o(.text)
    MDIOS_IRQHandler                         0x08000227   Thumb Code     0  startup_stm32f767xx.o(.text)
    OTG_FS_IRQHandler                        0x08000227   Thumb Code     0  startup_stm32f767xx.o(.text)
    OTG_FS_WKUP_IRQHandler                   0x08000227   Thumb Code     0  startup_stm32f767xx.o(.text)
    OTG_HS_EP1_IN_IRQHandler                 0x08000227   Thumb Code     0  startup_stm32f767xx.o(.text)
    OTG_HS_EP1_OUT_IRQHandler                0x08000227   Thumb Code     0  startup_stm32f767xx.o(.text)
    OTG_HS_IRQHandler                        0x08000227   Thumb Code     0  startup_stm32f767xx.o(.text)
    OTG_HS_WKUP_IRQHandler                   0x08000227   Thumb Code     0  startup_stm32f767xx.o(.text)
    PVD_IRQHandler                           0x08000227   Thumb Code     0  startup_stm32f767xx.o(.text)
    QUADSPI_IRQHandler                       0x08000227   Thumb Code     0  startup_stm32f767xx.o(.text)
    RCC_IRQHandler                           0x08000227   Thumb Code     0  startup_stm32f767xx.o(.text)
    RNG_IRQHandler                           0x08000227   Thumb Code     0  startup_stm32f767xx.o(.text)
    RTC_Alarm_IRQHandler                     0x08000227   Thumb Code     0  startup_stm32f767xx.o(.text)
    RTC_WKUP_IRQHandler                      0x08000227   Thumb Code     0  startup_stm32f767xx.o(.text)
    SAI1_IRQHandler                          0x08000227   Thumb Code     0  startup_stm32f767xx.o(.text)
    SAI2_IRQHandler                          0x08000227   Thumb Code     0  startup_stm32f767xx.o(.text)
    SDMMC1_IRQHandler                        0x08000227   Thumb Code     0  startup_stm32f767xx.o(.text)
    SDMMC2_IRQHandler                        0x08000227   Thumb Code     0  startup_stm32f767xx.o(.text)
    SPDIF_RX_IRQHandler                      0x08000227   Thumb Code     0  startup_stm32f767xx.o(.text)
    SPI1_IRQHandler                          0x08000227   Thumb Code     0  startup_stm32f767xx.o(.text)
    SPI2_IRQHandler                          0x08000227   Thumb Code     0  startup_stm32f767xx.o(.text)
    SPI3_IRQHandler                          0x08000227   Thumb Code     0  startup_stm32f767xx.o(.text)
    SPI4_IRQHandler                          0x08000227   Thumb Code     0  startup_stm32f767xx.o(.text)
    SPI5_IRQHandler                          0x08000227   Thumb Code     0  startup_stm32f767xx.o(.text)
    SPI6_IRQHandler                          0x08000227   Thumb Code     0  startup_stm32f767xx.o(.text)
    TAMP_STAMP_IRQHandler                    0x08000227   Thumb Code     0  startup_stm32f767xx.o(.text)
    TIM1_BRK_TIM9_IRQHandler                 0x08000227   Thumb Code     0  startup_stm32f767xx.o(.text)
    TIM1_TRG_COM_TIM11_IRQHandler            0x08000227   Thumb Code     0  startup_stm32f767xx.o(.text)
    TIM2_IRQHandler                          0x08000227   Thumb Code     0  startup_stm32f767xx.o(.text)
    TIM3_IRQHandler                          0x08000227   Thumb Code     0  startup_stm32f767xx.o(.text)
    TIM4_IRQHandler                          0x08000227   Thumb Code     0  startup_stm32f767xx.o(.text)
    TIM5_IRQHandler                          0x08000227   Thumb Code     0  startup_stm32f767xx.o(.text)
    TIM6_DAC_IRQHandler                      0x08000227   Thumb Code     0  startup_stm32f767xx.o(.text)
    TIM7_IRQHandler                          0x08000227   Thumb Code     0  startup_stm32f767xx.o(.text)
    TIM8_BRK_TIM12_IRQHandler                0x08000227   Thumb Code     0  startup_stm32f767xx.o(.text)
    TIM8_CC_IRQHandler                       0x08000227   Thumb Code     0  startup_stm32f767xx.o(.text)
    TIM8_TRG_COM_TIM14_IRQHandler            0x08000227   Thumb Code     0  startup_stm32f767xx.o(.text)
    TIM8_UP_TIM13_IRQHandler                 0x08000227   Thumb Code     0  startup_stm32f767xx.o(.text)
    UART4_IRQHandler                         0x08000227   Thumb Code     0  startup_stm32f767xx.o(.text)
    UART5_IRQHandler                         0x08000227   Thumb Code     0  startup_stm32f767xx.o(.text)
    UART7_IRQHandler                         0x08000227   Thumb Code     0  startup_stm32f767xx.o(.text)
    UART8_IRQHandler                         0x08000227   Thumb Code     0  startup_stm32f767xx.o(.text)
    USART1_IRQHandler                        0x08000227   Thumb Code     0  startup_stm32f767xx.o(.text)
    USART2_IRQHandler                        0x08000227   Thumb Code     0  startup_stm32f767xx.o(.text)
    USART3_IRQHandler                        0x08000227   Thumb Code     0  startup_stm32f767xx.o(.text)
    USART6_IRQHandler                        0x08000227   Thumb Code     0  startup_stm32f767xx.o(.text)
    WWDG_IRQHandler                          0x08000227   Thumb Code     0  startup_stm32f767xx.o(.text)
    __aeabi_uldivmod                         0x08000231   Thumb Code    98  uldiv.o(.text)
    __aeabi_memcpy                           0x08000293   Thumb Code    36  memcpya.o(.text)
    __aeabi_memcpy4                          0x08000293   Thumb Code     0  memcpya.o(.text)
    __aeabi_memcpy8                          0x08000293   Thumb Code     0  memcpya.o(.text)
    __aeabi_memset                           0x080002b7   Thumb Code    14  memseta.o(.text)
    __aeabi_memset4                          0x080002b7   Thumb Code     0  memseta.o(.text)
    __aeabi_memset8                          0x080002b7   Thumb Code     0  memseta.o(.text)
    __aeabi_memclr                           0x080002c5   Thumb Code     4  memseta.o(.text)
    __aeabi_memclr4                          0x080002c5   Thumb Code     0  memseta.o(.text)
    __aeabi_memclr8                          0x080002c5   Thumb Code     0  memseta.o(.text)
    _memset$wrapper                          0x080002c9   Thumb Code    18  memseta.o(.text)
    strcat                                   0x080002db   Thumb Code    24  strcat.o(.text)
    strlen                                   0x080002f3   Thumb Code    14  strlen.o(.text)
    __aeabi_llsl                             0x08000301   Thumb Code    30  llshl.o(.text)
    _ll_shift_l                              0x08000301   Thumb Code     0  llshl.o(.text)
    __aeabi_llsr                             0x0800031f   Thumb Code    32  llushr.o(.text)
    _ll_ushift_r                             0x0800031f   Thumb Code     0  llushr.o(.text)
    __strtod_int                             0x08000377   Thumb Code    90  strtod.o(.text)
    __I$use$fp                               0x080003dd   Thumb Code     0  iusefp.o(.text)
    __aeabi_dmul                             0x080003dd   Thumb Code   228  dmul.o(.text)
    __aeabi_ddiv                             0x080004c1   Thumb Code   222  ddiv.o(.text)
    __scatterload                            0x080005a1   Thumb Code    28  init.o(.text)
    __scatterload_rt2                        0x080005a1   Thumb Code     0  init.o(.text)
    isspace                                  0x080005c5   Thumb Code    10  isspace_c.o(.text)
    _scanf_real                              0x080006d1   Thumb Code     0  scanf_fp.o(.text)
    _scanf_really_real                       0x080006d1   Thumb Code   556  scanf_fp.o(.text)
    _sgetc                                   0x08000909   Thumb Code    30  _sgetc.o(.text)
    _sbackspace                              0x08000927   Thumb Code    34  _sgetc.o(.text)
    _double_round                            0x08000949   Thumb Code    30  depilogue.o(.text)
    _double_epilogue                         0x08000967   Thumb Code   156  depilogue.o(.text)
    __ctype_lookup                           0x08000a05   Thumb Code    34  ctype_c.o(.text)
    __aeabi_ul2d                             0x08000a2d   Thumb Code    24  dfltul.o(.text)
    __aeabi_d2f                              0x08000a45   Thumb Code    56  d2f.o(.text)
    _float_round                             0x08000a7d   Thumb Code    18  fepilogue.o(.text)
    _float_epilogue                          0x08000a8f   Thumb Code    92  fepilogue.o(.text)
    BusFault_Handler                         0x08000aeb   Thumb Code     2  stm32f7xx_it.o(i.BusFault_Handler)
    Cache_Enable                             0x08000aed   Thumb Code   126  sys.o(i.Cache_Enable)
    DebugMon_Handler                         0x08000b75   Thumb Code     2  stm32f7xx_it.o(i.DebugMon_Handler)
    Error_Handler                            0x08000b77   Thumb Code     2  main.o(i.Error_Handler)
    HAL_Delay                                0x08000b79   Thumb Code    32  stm32f7xx_hal.o(i.HAL_Delay)
    HAL_GPIO_Init                            0x08000b9d   Thumb Code   410  stm32f7xx_hal_gpio.o(i.HAL_GPIO_Init)
    HAL_GPIO_ReadPin                         0x08000d6d   Thumb Code    10  stm32f7xx_hal_gpio.o(i.HAL_GPIO_ReadPin)
    HAL_GPIO_TogglePin                       0x08000d77   Thumb Code    16  stm32f7xx_hal_gpio.o(i.HAL_GPIO_TogglePin)
    HAL_GPIO_WritePin                        0x08000d87   Thumb Code    10  stm32f7xx_hal_gpio.o(i.HAL_GPIO_WritePin)
    HAL_GetTick                              0x08000d91   Thumb Code     6  stm32f7xx_hal.o(i.HAL_GetTick)
    HAL_IncTick                              0x08000d9d   Thumb Code    12  stm32f7xx_hal.o(i.HAL_IncTick)
    HAL_Init                                 0x08000dad   Thumb Code    22  stm32f7xx_hal.o(i.HAL_Init)
    HAL_InitTick                             0x08000dc5   Thumb Code    54  stm32f7xx_hal.o(i.HAL_InitTick)
    HAL_MspInit                              0x08000e05   Thumb Code    42  stm32f7xx_hal_msp.o(i.HAL_MspInit)
    HAL_NVIC_SetPriority                     0x08000e35   Thumb Code    60  stm32f7xx_hal_cortex.o(i.HAL_NVIC_SetPriority)
    HAL_NVIC_SetPriorityGrouping             0x08000e75   Thumb Code    26  stm32f7xx_hal_cortex.o(i.HAL_NVIC_SetPriorityGrouping)
    HAL_PWREx_EnableOverDrive                0x08000e99   Thumb Code    98  stm32f7xx_hal_pwr_ex.o(i.HAL_PWREx_EnableOverDrive)
    HAL_RCC_ClockConfig                      0x08000f05   Thumb Code   296  stm32f7xx_hal_rcc.o(i.HAL_RCC_ClockConfig)
    HAL_RCC_GetPCLK1Freq                     0x08001041   Thumb Code    20  stm32f7xx_hal_rcc.o(i.HAL_RCC_GetPCLK1Freq)
    HAL_RCC_GetPCLK2Freq                     0x08001061   Thumb Code    20  stm32f7xx_hal_rcc.o(i.HAL_RCC_GetPCLK2Freq)
    HAL_RCC_GetSysClockFreq                  0x08001081   Thumb Code    88  stm32f7xx_hal_rcc.o(i.HAL_RCC_GetSysClockFreq)
    HAL_RCC_OscConfig                        0x080010e5   Thumb Code   882  stm32f7xx_hal_rcc.o(i.HAL_RCC_OscConfig)
    HAL_SYSTICK_CLKSourceConfig              0x08001465   Thumb Code    24  stm32f7xx_hal_cortex.o(i.HAL_SYSTICK_CLKSourceConfig)
    HAL_SYSTICK_Config                       0x0800147d   Thumb Code    40  stm32f7xx_hal_cortex.o(i.HAL_SYSTICK_Config)
    HAL_TIMEx_BreakCallback                  0x080014a5   Thumb Code     2  stm32f7xx_hal_tim_ex.o(i.HAL_TIMEx_BreakCallback)
    HAL_TIMEx_CommutCallback                 0x080014a7   Thumb Code     2  stm32f7xx_hal_tim_ex.o(i.HAL_TIMEx_CommutCallback)
    HAL_TIM_IC_CaptureCallback               0x080014a9   Thumb Code   192  remote.o(i.HAL_TIM_IC_CaptureCallback)
    HAL_TIM_IRQHandler                       0x08001579   Thumb Code   384  stm32f7xx_hal_tim.o(i.HAL_TIM_IRQHandler)
    HAL_TIM_OC_DelayElapsedCallback          0x080016f9   Thumb Code     2  stm32f7xx_hal_tim.o(i.HAL_TIM_OC_DelayElapsedCallback)
    HAL_TIM_PWM_PulseFinishedCallback        0x080016fb   Thumb Code     2  stm32f7xx_hal_tim.o(i.HAL_TIM_PWM_PulseFinishedCallback)
    HAL_TIM_PeriodElapsedCallback            0x080016fd   Thumb Code    54  remote.o(i.HAL_TIM_PeriodElapsedCallback)
    HAL_TIM_ReadCapturedValue                0x0800173d   Thumb Code    68  stm32f7xx_hal_tim.o(i.HAL_TIM_ReadCapturedValue)
    HAL_TIM_TriggerCallback                  0x08001781   Thumb Code     2  stm32f7xx_hal_tim.o(i.HAL_TIM_TriggerCallback)
    HAL_UARTEx_RxEventCallback               0x08001783   Thumb Code     2  stm32f7xx_hal_uart.o(i.HAL_UARTEx_RxEventCallback)
    HAL_UART_Init                            0x08001785   Thumb Code   102  stm32f7xx_hal_uart.o(i.HAL_UART_Init)
    HAL_UART_MspInit                         0x080017ed   Thumb Code   138  usart.o(i.HAL_UART_MspInit)
    HAL_UART_Receive_IT                      0x08001889   Thumb Code    62  stm32f7xx_hal_uart.o(i.HAL_UART_Receive_IT)
    HAL_UART_RxCpltCallback                  0x080018c7   Thumb Code     2  stm32f7xx_hal_uart.o(i.HAL_UART_RxCpltCallback)
    HAL_UART_Transmit                        0x080018c9   Thumb Code   180  stm32f7xx_hal_uart.o(i.HAL_UART_Transmit)
    HardFault_Handler                        0x0800197d   Thumb Code     2  stm32f7xx_it.o(i.HardFault_Handler)
    MX_GPIO_Init                             0x08001981   Thumb Code   100  gpio.o(i.MX_GPIO_Init)
    MX_USART1_UART_Init                      0x080019ed   Thumb Code    52  usart.o(i.MX_USART1_UART_Init)
    MX_USART2_UART_Init                      0x08001a29   Thumb Code    52  usart.o(i.MX_USART2_UART_Init)
    MemManage_Handler                        0x08001a65   Thumb Code     2  stm32f7xx_it.o(i.MemManage_Handler)
    Motor_Rotate                             0x08001a69   Thumb Code   226  usart.o(i.Motor_Rotate)
    NMI_Handler                              0x08001b79   Thumb Code     2  stm32f7xx_it.o(i.NMI_Handler)
    PendSV_Handler                           0x08001b7b   Thumb Code     2  stm32f7xx_it.o(i.PendSV_Handler)
    SVC_Handler                              0x08001b7d   Thumb Code     2  stm32f7xx_it.o(i.SVC_Handler)
    Stm32_Clock_Init                         0x08001b81   Thumb Code   124  sys.o(i.Stm32_Clock_Init)
    SysTick_Handler                          0x08001c05   Thumb Code     4  stm32f7xx_it.o(i.SysTick_Handler)
    SystemInit                               0x08001c09   Thumb Code    12  system_stm32f7xx.o(i.SystemInit)
    TIM1_CC_IRQHandler                       0x08001c19   Thumb Code     6  remote.o(i.TIM1_CC_IRQHandler)
    TIM1_UP_TIM10_IRQHandler                 0x08001c25   Thumb Code     6  remote.o(i.TIM1_UP_TIM10_IRQHandler)
    UART2_Send                               0x08001c31   Thumb Code    52  usart.o(i.UART2_Send)
    UART_AdvFeatureConfig                    0x08001c69   Thumb Code   200  stm32f7xx_hal_uart.o(i.UART_AdvFeatureConfig)
    UART_CheckIdleState                      0x08001d31   Thumb Code    92  stm32f7xx_hal_uart.o(i.UART_CheckIdleState)
    UART_SetConfig                           0x08001e85   Thumb Code   520  stm32f7xx_hal_uart.o(i.UART_SetConfig)
    UART_Start_Receive_IT                    0x080020b9   Thumb Code   134  stm32f7xx_hal_uart.o(i.UART_Start_Receive_IT)
    UART_WaitOnFlagUntilTimeout              0x08002149   Thumb Code   160  stm32f7xx_hal_uart.o(i.UART_WaitOnFlagUntilTimeout)
    UsageFault_Handler                       0x080021e9   Thumb Code     2  stm32f7xx_it.o(i.UsageFault_Handler)
    __0printf$2                              0x080021ed   Thumb Code    22  printf2.o(i.__0printf$2)
    __1printf$2                              0x080021ed   Thumb Code     0  printf2.o(i.__0printf$2)
    __2printf                                0x080021ed   Thumb Code     0  printf2.o(i.__0printf$2)
    __hardfp_atof                            0x08002231   Thumb Code    44  atof.o(i.__hardfp_atof)
    __read_errno                             0x08002269   Thumb Code     6  errno.o(i.__read_errno)
    __scatterload_copy                       0x08002275   Thumb Code    14  handlers.o(i.__scatterload_copy)
    __scatterload_null                       0x08002283   Thumb Code     2  handlers.o(i.__scatterload_null)
    __scatterload_zeroinit                   0x08002285   Thumb Code    14  handlers.o(i.__scatterload_zeroinit)
    __set_errno                              0x08002295   Thumb Code     6  errno.o(i.__set_errno)
    _is_digit                                0x080022a1   Thumb Code    14  scanf_fp.o(i._is_digit)
    delay_init                               0x08002385   Thumb Code    16  delay.o(i.delay_init)
    fputc                                    0x08002399   Thumb Code    38  usart.o(i.fputc)
    main                                     0x080023c5   Thumb Code   428  main.o(i.main)
    myitoa                                   0x08002589   Thumb Code    94  usart.o(i.myitoa)
    AHBPrescTable                            0x0800261a   Data          16  system_stm32f7xx.o(.constdata)
    APBPrescTable                            0x0800262a   Data           8  system_stm32f7xx.o(.constdata)
    __ctype_categories                       0x08002632   Data          64  ctype_c.o(.constdata)
    Region$$Table$$Base                      0x08002674   Number         0  anon$$obj.o(Region$$Table)
    Region$$Table$$Limit                     0x08002694   Number         0  anon$$obj.o(Region$$Table)
    state                                    0x20000000   Data           1  main.o(.data)
    k230_active                              0x20000001   Data           1  main.o(.data)
    USART_RX_STA                             0x20000002   Data           2  main.o(.data)
    error_num                                0x20000004   Data           4  main.o(.data)
    yaw_angle                                0x20000008   Data           4  main.o(.data)
    RmtSta                                   0x20000010   Data           1  remote.o(.data)
    RmtCnt                                   0x20000011   Data           1  remote.o(.data)
    Dval                                     0x20000012   Data           2  remote.o(.data)
    RmtRec                                   0x20000014   Data           4  remote.o(.data)
    SystemCoreClock                          0x20000018   Data           4  system_stm32f7xx.o(.data)
    uwTickFreq                               0x2000001c   Data           1  stm32f7xx_hal.o(.data)
    uwTickPrio                               0x20000020   Data           4  stm32f7xx_hal.o(.data)
    uwTick                                   0x20000024   Data           4  stm32f7xx_hal.o(.data)
    __stdout                                 0x20000028   Data           4  stdout.o(.data)
    aRxBuffer                                0x20000030   Data          64  main.o(.bss)
    USART_RX_BUF                             0x20000070   Data          64  main.o(.bss)
    huart1                                   0x200000b0   Data         132  usart.o(.bss)
    huart2                                   0x20000134   Data         132  usart.o(.bss)
    TIM1_Handler                             0x200001b8   Data          60  remote.o(.bss)
    __initial_sp                             0x200005f8   Data           0  startup_stm32f767xx.o(STACK)



==============================================================================

Memory Map of the image

  Image Entry point : 0x080001f9

  Load Region LR_IROM1 (Base: 0x08000000, Size: 0x000026c4, Max: 0x00100000, ABSOLUTE)

    Execution Region ER_IROM1 (Base: 0x08000000, Size: 0x00002694, Max: 0x00100000, ABSOLUTE)

    Base Addr    Size         Type   Attr      Idx    E Section Name        Object

    0x08000000   0x000001f8   Data   RO            3    RESET               startup_stm32f767xx.o
    0x080001f8   0x00000000   Code   RO         3660  * .ARM.Collect$$$$00000000  mc_w.l(entry.o)
    0x080001f8   0x00000004   Code   RO         3936    .ARM.Collect$$$$00000001  mc_w.l(entry2.o)
    0x080001fc   0x00000004   Code   RO         3939    .ARM.Collect$$$$00000004  mc_w.l(entry5.o)
    0x08000200   0x00000000   Code   RO         3941    .ARM.Collect$$$$00000008  mc_w.l(entry7b.o)
    0x08000200   0x00000000   Code   RO         3943    .ARM.Collect$$$$0000000A  mc_w.l(entry8b.o)
    0x08000200   0x00000008   Code   RO         3944    .ARM.Collect$$$$0000000B  mc_w.l(entry9a.o)
    0x08000208   0x00000000   Code   RO         3946    .ARM.Collect$$$$0000000D  mc_w.l(entry10a.o)
    0x08000208   0x00000000   Code   RO         3948    .ARM.Collect$$$$0000000F  mc_w.l(entry11a.o)
    0x08000208   0x00000004   Code   RO         3937    .ARM.Collect$$$$00002712  mc_w.l(entry2.o)
    0x0800020c   0x00000024   Code   RO            4    .text               startup_stm32f767xx.o
    0x08000230   0x00000062   Code   RO         3663    .text               mc_w.l(uldiv.o)
    0x08000292   0x00000024   Code   RO         3665    .text               mc_w.l(memcpya.o)
    0x080002b6   0x00000024   Code   RO         3667    .text               mc_w.l(memseta.o)
    0x080002da   0x00000018   Code   RO         3669    .text               mc_w.l(strcat.o)
    0x080002f2   0x0000000e   Code   RO         3671    .text               mc_w.l(strlen.o)
    0x08000300   0x0000001e   Code   RO         3953    .text               mc_w.l(llshl.o)
    0x0800031e   0x00000020   Code   RO         3955    .text               mc_w.l(llushr.o)
    0x0800033e   0x00000002   PAD
    0x08000340   0x0000009c   Code   RO         3964    .text               mc_w.l(strtod.o)
    0x080003dc   0x00000000   Code   RO         3966    .text               mc_w.l(iusefp.o)
    0x080003dc   0x000000e4   Code   RO         3969    .text               mf_w.l(dmul.o)
    0x080004c0   0x000000de   Code   RO         3971    .text               mf_w.l(ddiv.o)
    0x0800059e   0x00000002   PAD
    0x080005a0   0x00000024   Code   RO         3977    .text               mc_w.l(init.o)
    0x080005c4   0x0000000a   Code   RO         3981    .text               mc_w.l(isspace_c.o)
    0x080005ce   0x00000002   PAD
    0x080005d0   0x00000338   Code   RO         3983    .text               mc_w.l(scanf_fp.o)
    0x08000908   0x00000040   Code   RO         3987    .text               mc_w.l(_sgetc.o)
    0x08000948   0x000000ba   Code   RO         3989    .text               mf_w.l(depilogue.o)
    0x08000a02   0x00000002   PAD
    0x08000a04   0x00000028   Code   RO         3991    .text               mc_w.l(ctype_c.o)
    0x08000a2c   0x00000018   Code   RO         3994    .text               mf_w.l(dfltul.o)
    0x08000a44   0x00000038   Code   RO         3996    .text               mf_w.l(d2f.o)
    0x08000a7c   0x0000006e   Code   RO         3998    .text               mf_w.l(fepilogue.o)
    0x08000aea   0x00000002   Code   RO          282    i.BusFault_Handler  stm32f7xx_it.o
    0x08000aec   0x00000088   Code   RO          487    i.Cache_Enable      sys.o
    0x08000b74   0x00000002   Code   RO          283    i.DebugMon_Handler  stm32f7xx_it.o
    0x08000b76   0x00000002   Code   RO           13    i.Error_Handler     main.o
    0x08000b78   0x00000024   Code   RO         1965    i.HAL_Delay         stm32f7xx_hal.o
    0x08000b9c   0x000001d0   Code   RO         1532    i.HAL_GPIO_Init     stm32f7xx_hal_gpio.o
    0x08000d6c   0x0000000a   Code   RO         1534    i.HAL_GPIO_ReadPin  stm32f7xx_hal_gpio.o
    0x08000d76   0x00000010   Code   RO         1535    i.HAL_GPIO_TogglePin  stm32f7xx_hal_gpio.o
    0x08000d86   0x0000000a   Code   RO         1536    i.HAL_GPIO_WritePin  stm32f7xx_hal_gpio.o
    0x08000d90   0x0000000c   Code   RO         1975    i.HAL_GetTick       stm32f7xx_hal.o
    0x08000d9c   0x00000010   Code   RO         1981    i.HAL_IncTick       stm32f7xx_hal.o
    0x08000dac   0x00000016   Code   RO         1982    i.HAL_Init          stm32f7xx_hal.o
    0x08000dc2   0x00000002   PAD
    0x08000dc4   0x00000040   Code   RO         1983    i.HAL_InitTick      stm32f7xx_hal.o
    0x08000e04   0x00000030   Code   RO          357    i.HAL_MspInit       stm32f7xx_hal_msp.o
    0x08000e34   0x00000040   Code   RO          585    i.HAL_NVIC_SetPriority  stm32f7xx_hal_cortex.o
    0x08000e74   0x00000024   Code   RO          586    i.HAL_NVIC_SetPriorityGrouping  stm32f7xx_hal_cortex.o
    0x08000e98   0x0000006c   Code   RO         1872    i.HAL_PWREx_EnableOverDrive  stm32f7xx_hal_pwr_ex.o
    0x08000f04   0x0000013c   Code   RO         1186    i.HAL_RCC_ClockConfig  stm32f7xx_hal_rcc.o
    0x08001040   0x00000020   Code   RO         1193    i.HAL_RCC_GetPCLK1Freq  stm32f7xx_hal_rcc.o
    0x08001060   0x00000020   Code   RO         1194    i.HAL_RCC_GetPCLK2Freq  stm32f7xx_hal_rcc.o
    0x08001080   0x00000064   Code   RO         1195    i.HAL_RCC_GetSysClockFreq  stm32f7xx_hal_rcc.o
    0x080010e4   0x00000380   Code   RO         1198    i.HAL_RCC_OscConfig  stm32f7xx_hal_rcc.o
    0x08001464   0x00000018   Code   RO          588    i.HAL_SYSTICK_CLKSourceConfig  stm32f7xx_hal_cortex.o
    0x0800147c   0x00000028   Code   RO          590    i.HAL_SYSTICK_Config  stm32f7xx_hal_cortex.o
    0x080014a4   0x00000002   Code   RO         3378    i.HAL_TIMEx_BreakCallback  stm32f7xx_hal_tim_ex.o
    0x080014a6   0x00000002   Code   RO         3379    i.HAL_TIMEx_CommutCallback  stm32f7xx_hal_tim_ex.o
    0x080014a8   0x000000d0   Code   RO          419    i.HAL_TIM_IC_CaptureCallback  remote.o
    0x08001578   0x00000180   Code   RO         2788    i.HAL_TIM_IRQHandler  stm32f7xx_hal_tim.o
    0x080016f8   0x00000002   Code   RO         2791    i.HAL_TIM_OC_DelayElapsedCallback  stm32f7xx_hal_tim.o
    0x080016fa   0x00000002   Code   RO         2818    i.HAL_TIM_PWM_PulseFinishedCallback  stm32f7xx_hal_tim.o
    0x080016fc   0x00000040   Code   RO          421    i.HAL_TIM_PeriodElapsedCallback  remote.o
    0x0800173c   0x00000044   Code   RO         2826    i.HAL_TIM_ReadCapturedValue  stm32f7xx_hal_tim.o
    0x08001780   0x00000002   Code   RO         2829    i.HAL_TIM_TriggerCallback  stm32f7xx_hal_tim.o
    0x08001782   0x00000002   Code   RO          718    i.HAL_UARTEx_RxEventCallback  stm32f7xx_hal_uart.o
    0x08001784   0x00000066   Code   RO          739    i.HAL_UART_Init     stm32f7xx_hal_uart.o
    0x080017ea   0x00000002   PAD
    0x080017ec   0x0000009c   Code   RO          206    i.HAL_UART_MspInit  usart.o
    0x08001888   0x0000003e   Code   RO          744    i.HAL_UART_Receive_IT  stm32f7xx_hal_uart.o
    0x080018c6   0x00000002   Code   RO          746    i.HAL_UART_RxCpltCallback  stm32f7xx_hal_uart.o
    0x080018c8   0x000000b4   Code   RO          748    i.HAL_UART_Transmit  stm32f7xx_hal_uart.o
    0x0800197c   0x00000002   Code   RO          284    i.HardFault_Handler  stm32f7xx_it.o
    0x0800197e   0x00000002   PAD
    0x08001980   0x0000006c   Code   RO          181    i.MX_GPIO_Init      gpio.o
    0x080019ec   0x0000003c   Code   RO          207    i.MX_USART1_UART_Init  usart.o
    0x08001a28   0x0000003c   Code   RO          208    i.MX_USART2_UART_Init  usart.o
    0x08001a64   0x00000002   Code   RO          285    i.MemManage_Handler  stm32f7xx_it.o
    0x08001a66   0x00000002   PAD
    0x08001a68   0x00000110   Code   RO          209    i.Motor_Rotate      usart.o
    0x08001b78   0x00000002   Code   RO          286    i.NMI_Handler       stm32f7xx_it.o
    0x08001b7a   0x00000002   Code   RO          287    i.PendSV_Handler    stm32f7xx_it.o
    0x08001b7c   0x00000002   Code   RO          288    i.SVC_Handler       stm32f7xx_it.o
    0x08001b7e   0x00000002   PAD
    0x08001b80   0x00000084   Code   RO          490    i.Stm32_Clock_Init  sys.o
    0x08001c04   0x00000004   Code   RO          289    i.SysTick_Handler   stm32f7xx_it.o
    0x08001c08   0x00000010   Code   RO          537    i.SystemInit        system_stm32f7xx.o
    0x08001c18   0x0000000c   Code   RO          424    i.TIM1_CC_IRQHandler  remote.o
    0x08001c24   0x0000000c   Code   RO          425    i.TIM1_UP_TIM10_IRQHandler  remote.o
    0x08001c30   0x00000038   Code   RO          210    i.UART2_Send        usart.o
    0x08001c68   0x000000c8   Code   RO          753    i.UART_AdvFeatureConfig  stm32f7xx_hal_uart.o
    0x08001d30   0x0000005c   Code   RO          754    i.UART_CheckIdleState  stm32f7xx_hal_uart.o
    0x08001d8c   0x0000007c   Code   RO          767    i.UART_RxISR_16BIT  stm32f7xx_hal_uart.o
    0x08001e08   0x0000007c   Code   RO          768    i.UART_RxISR_8BIT   stm32f7xx_hal_uart.o
    0x08001e84   0x00000234   Code   RO          769    i.UART_SetConfig    stm32f7xx_hal_uart.o
    0x080020b8   0x00000090   Code   RO          771    i.UART_Start_Receive_IT  stm32f7xx_hal_uart.o
    0x08002148   0x000000a0   Code   RO          774    i.UART_WaitOnFlagUntilTimeout  stm32f7xx_hal_uart.o
    0x080021e8   0x00000002   Code   RO          290    i.UsageFault_Handler  stm32f7xx_it.o
    0x080021ea   0x00000002   PAD
    0x080021ec   0x00000020   Code   RO         3742    i.__0printf$2       mc_w.l(printf2.o)
    0x0800220c   0x00000020   Code   RO          592    i.__NVIC_SetPriority  stm32f7xx_hal_cortex.o
    0x0800222c   0x00000004   PAD
    0x08002230   0x00000038   Code   RO         3654    i.__hardfp_atof     m_wv.l(atof.o)
    0x08002268   0x0000000c   Code   RO         3958    i.__read_errno      mc_w.l(errno.o)
    0x08002274   0x0000000e   Code   RO         4002    i.__scatterload_copy  mc_w.l(handlers.o)
    0x08002282   0x00000002   Code   RO         4003    i.__scatterload_null  mc_w.l(handlers.o)
    0x08002284   0x0000000e   Code   RO         4004    i.__scatterload_zeroinit  mc_w.l(handlers.o)
    0x08002292   0x00000002   PAD
    0x08002294   0x0000000c   Code   RO         3959    i.__set_errno       mc_w.l(errno.o)
    0x080022a0   0x0000000e   Code   RO         3985    i._is_digit         mc_w.l(scanf_fp.o)
    0x080022ae   0x000000d6   Code   RO         3749    i._printf_core      mc_w.l(printf2.o)
    0x08002384   0x00000014   Code   RO          381    i.delay_init        delay.o
    0x08002398   0x0000002c   Code   RO          211    i.fputc             usart.o
    0x080023c4   0x000001c4   Code   RO           16    i.main              main.o
    0x08002588   0x0000005e   Code   RO          212    i.myitoa            usart.o
    0x080025e6   0x00000002   PAD
    0x080025e8   0x00000032   Data   RO          214    .constdata          usart.o
    0x0800261a   0x00000010   Data   RO          538    .constdata          system_stm32f7xx.o
    0x0800262a   0x00000008   Data   RO          539    .constdata          system_stm32f7xx.o
    0x08002632   0x00000040   Data   RO         3992    .constdata          mc_w.l(ctype_c.o)
    0x08002672   0x00000002   PAD
    0x08002674   0x00000020   Data   RO         4000    Region$$Table       anon$$obj.o


    Execution Region RW_IRAM1 (Base: 0x20000000, Size: 0x000005f8, Max: 0x00080000, ABSOLUTE)

    Base Addr    Size         Type   Attr      Idx    E Section Name        Object

    0x20000000   0x0000000c   Data   RW           18    .data               main.o
    0x2000000c   0x00000004   Data   RW          384    .data               delay.o
    0x20000010   0x00000008   Data   RW          427    .data               remote.o
    0x20000018   0x00000004   Data   RW          540    .data               system_stm32f7xx.o
    0x2000001c   0x0000000c   Data   RW         1989    .data               stm32f7xx_hal.o
    0x20000028   0x00000004   Data   RW         3950    .data               mc_w.l(stdout.o)
    0x2000002c   0x00000004   Data   RW         3960    .data               mc_w.l(errno.o)
    0x20000030   0x00000080   Zero   RW           17    .bss                main.o
    0x200000b0   0x00000108   Zero   RW          213    .bss                usart.o
    0x200001b8   0x0000003c   Zero   RW          426    .bss                remote.o
    0x200001f4   0x00000004   PAD
    0x200001f8   0x00000400   Zero   RW            1    STACK               startup_stm32f767xx.o


==============================================================================

Image component sizes


      Code (inc. data)   RO Data    RW Data    ZI Data      Debug   Object Name

        20          4          0          4          0        753   delay.o
       108          8          0          0          0        971   gpio.o
       454         30          0         12        128     871271   main.o
       296         38          0          8         60       3034   remote.o
        36          8        504          0       1024        844   startup_stm32f767xx.o
       150         24          0         12          0       9405   stm32f7xx_hal.o
       196         14          0          0          0      38988   stm32f7xx_hal_cortex.o
       500         54          0          0          0       4076   stm32f7xx_hal_gpio.o
        48          6          0          0          0        910   stm32f7xx_hal_msp.o
       108         10          0          0          0       1344   stm32f7xx_hal_pwr_ex.o
      1376         70          0          0          0       5516   stm32f7xx_hal_rcc.o
       458          0          0          0          0       5011   stm32f7xx_hal_tim.o
         4          0          0          0          0       1789   stm32f7xx_hal_tim_ex.o
      1756         74          0          0          0      11002   stm32f7xx_hal_uart.o
        20          0          0          0          0       4406   stm32f7xx_it.o
       268         18          0          0          0      37077   sys.o
        16          4         24          4          0       1211   system_stm32f7xx.o
       742         90         50          0        264       7024   usart.o

    ----------------------------------------------------------------------
      6574        452        610         40       1480    1004632   Object Totals
         0          0         32          0          0          0   (incl. Generated)
        18          0          0          0          4          0   (incl. Padding)

    ----------------------------------------------------------------------

      Code (inc. data)   RO Data    RW Data    ZI Data      Debug   Library Member Name

        56         12          0          0          0        132   atof.o
        64          0          0          0          0         84   _sgetc.o
        40          6         64          0          0         68   ctype_c.o
         0          0          0          0          0          0   entry.o
         0          0          0          0          0          0   entry10a.o
         0          0          0          0          0          0   entry11a.o
         8          4          0          0          0          0   entry2.o
         4          0          0          0          0          0   entry5.o
         0          0          0          0          0          0   entry7b.o
         0          0          0          0          0          0   entry8b.o
         8          4          0          0          0          0   entry9a.o
        24         12          0          4          0        136   errno.o
        30          0          0          0          0          0   handlers.o
        36          8          0          0          0         68   init.o
        10          0          0          0          0         68   isspace_c.o
         0          0          0          0          0          0   iusefp.o
        30          0          0          0          0         68   llshl.o
        32          0          0          0          0         68   llushr.o
        36          0          0          0          0         68   memcpya.o
        36          0          0          0          0        108   memseta.o
       246         10          0          0          0        176   printf2.o
       838         12          0          0          0        216   scanf_fp.o
         0          0          0          4          0          0   stdout.o
        24          0          0          0          0         68   strcat.o
        14          0          0          0          0         68   strlen.o
       156         12          0          0          0        120   strtod.o
        98          0          0          0          0         92   uldiv.o
        56          0          0          0          0         88   d2f.o
       222          0          0          0          0        100   ddiv.o
       186          0          0          0          0        176   depilogue.o
        24          0          0          0          0         76   dfltul.o
       228          0          0          0          0         96   dmul.o
       110          0          0          0          0        168   fepilogue.o

    ----------------------------------------------------------------------
      2626         80         66          8          0       2312   Library Totals
        10          0          2          0          0          0   (incl. Padding)

    ----------------------------------------------------------------------

      Code (inc. data)   RO Data    RW Data    ZI Data      Debug   Library Name

        56         12          0          0          0        132   m_wv.l
      1734         68         64          8          0       1476   mc_w.l
       826          0          0          0          0        704   mf_w.l

    ----------------------------------------------------------------------
      2626         80         66          8          0       2312   Library Totals

    ----------------------------------------------------------------------

==============================================================================


      Code (inc. data)   RO Data    RW Data    ZI Data      Debug   

      9200        532        676         48       1480    1000008   Grand Totals
      9200        532        676         48       1480    1000008   ELF Image Totals
      9200        532        676         48          0          0   ROM Totals

==============================================================================

    Total RO  Size (Code + RO Data)                 9876 (   9.64kB)
    Total RW  Size (RW Data + ZI Data)              1528 (   1.49kB)
    Total ROM Size (Code + RO Data + RW Data)       9924 (   9.69kB)

==============================================================================

